Archive member included to satisfy reference by file (symbol)

c:/progra~1/gcc-arm-none-eabi-10.3-2021.10/bin/../lib/gcc/arm-none-eabi/10.3.1/thumb/v7e-m/nofp\libgcc.a(_aeabi_uldivmod.o)
                              CMakeFiles/demo_tim.elf.dir/Drivers/STM32L4xx_HAL_Driver/Src/stm32l4xx_hal_uart.c.obj (__aeabi_uldivmod)
c:/progra~1/gcc-arm-none-eabi-10.3-2021.10/bin/../lib/gcc/arm-none-eabi/10.3.1/thumb/v7e-m/nofp\libgcc.a(_udivmoddi4.o)
                              c:/progra~1/gcc-arm-none-eabi-10.3-2021.10/bin/../lib/gcc/arm-none-eabi/10.3.1/thumb/v7e-m/nofp\libgcc.a(_aeabi_uldivmod.o) (__udivmoddi4)
c:/progra~1/gcc-arm-none-eabi-10.3-2021.10/bin/../lib/gcc/arm-none-eabi/10.3.1/thumb/v7e-m/nofp\libgcc.a(_dvmd_tls.o)
                              c:/progra~1/gcc-arm-none-eabi-10.3-2021.10/bin/../lib/gcc/arm-none-eabi/10.3.1/thumb/v7e-m/nofp\libgcc.a(_aeabi_uldivmod.o) (__aeabi_ldiv0)
c:/progra~1/gcc-arm-none-eabi-10.3-2021.10/bin/../lib/gcc/arm-none-eabi/10.3.1/../../../../arm-none-eabi/lib/thumb/v7e-m/nofp\libg.a(lib_a-errno.o)
                              CMakeFiles/demo_tim.elf.dir/Core/Src/syscalls.c.obj (__errno)
c:/progra~1/gcc-arm-none-eabi-10.3-2021.10/bin/../lib/gcc/arm-none-eabi/10.3.1/../../../../arm-none-eabi/lib/thumb/v7e-m/nofp\libg.a(lib_a-exit.o)
                              c:/progra~1/gcc-arm-none-eabi-10.3-2021.10/bin/../lib/gcc/arm-none-eabi/10.3.1/../../../../arm-none-eabi/lib/thumb/v7e-m/nofp/crt0.o (exit)
c:/progra~1/gcc-arm-none-eabi-10.3-2021.10/bin/../lib/gcc/arm-none-eabi/10.3.1/../../../../arm-none-eabi/lib/thumb/v7e-m/nofp\libg.a(lib_a-impure.o)
                              c:/progra~1/gcc-arm-none-eabi-10.3-2021.10/bin/../lib/gcc/arm-none-eabi/10.3.1/../../../../arm-none-eabi/lib/thumb/v7e-m/nofp\libg.a(lib_a-exit.o) (_global_impure_ptr)
c:/progra~1/gcc-arm-none-eabi-10.3-2021.10/bin/../lib/gcc/arm-none-eabi/10.3.1/../../../../arm-none-eabi/lib/thumb/v7e-m/nofp\libg.a(lib_a-init.o)
                              c:/progra~1/gcc-arm-none-eabi-10.3-2021.10/bin/../lib/gcc/arm-none-eabi/10.3.1/../../../../arm-none-eabi/lib/thumb/v7e-m/nofp/crt0.o (__libc_init_array)
c:/progra~1/gcc-arm-none-eabi-10.3-2021.10/bin/../lib/gcc/arm-none-eabi/10.3.1/../../../../arm-none-eabi/lib/thumb/v7e-m/nofp\libg.a(lib_a-memset.o)
                              c:/progra~1/gcc-arm-none-eabi-10.3-2021.10/bin/../lib/gcc/arm-none-eabi/10.3.1/../../../../arm-none-eabi/lib/thumb/v7e-m/nofp/crt0.o (memset)
c:/progra~1/gcc-arm-none-eabi-10.3-2021.10/bin/../lib/gcc/arm-none-eabi/10.3.1/../../../../arm-none-eabi/lib/thumb/v7e-m/nofp\libg.a(lib_a-__call_atexit.o)
                              c:/progra~1/gcc-arm-none-eabi-10.3-2021.10/bin/../lib/gcc/arm-none-eabi/10.3.1/../../../../arm-none-eabi/lib/thumb/v7e-m/nofp\libg.a(lib_a-exit.o) (__call_exitprocs)
c:/progra~1/gcc-arm-none-eabi-10.3-2021.10/bin/../lib/gcc/arm-none-eabi/10.3.1/../../../../arm-none-eabi/lib/thumb/v7e-m/nofp\libg.a(lib_a-atexit.o)
                              c:/progra~1/gcc-arm-none-eabi-10.3-2021.10/bin/../lib/gcc/arm-none-eabi/10.3.1/../../../../arm-none-eabi/lib/thumb/v7e-m/nofp\libg.a(lib_a-__call_atexit.o) (atexit)
c:/progra~1/gcc-arm-none-eabi-10.3-2021.10/bin/../lib/gcc/arm-none-eabi/10.3.1/../../../../arm-none-eabi/lib/thumb/v7e-m/nofp\libg.a(lib_a-fini.o)
                              c:/progra~1/gcc-arm-none-eabi-10.3-2021.10/bin/../lib/gcc/arm-none-eabi/10.3.1/../../../../arm-none-eabi/lib/thumb/v7e-m/nofp\libg.a(lib_a-__call_atexit.o) (__libc_fini_array)
c:/progra~1/gcc-arm-none-eabi-10.3-2021.10/bin/../lib/gcc/arm-none-eabi/10.3.1/../../../../arm-none-eabi/lib/thumb/v7e-m/nofp\libg.a(lib_a-lock.o)
                              c:/progra~1/gcc-arm-none-eabi-10.3-2021.10/bin/../lib/gcc/arm-none-eabi/10.3.1/../../../../arm-none-eabi/lib/thumb/v7e-m/nofp\libg.a(lib_a-__call_atexit.o) (__retarget_lock_acquire_recursive)
c:/progra~1/gcc-arm-none-eabi-10.3-2021.10/bin/../lib/gcc/arm-none-eabi/10.3.1/../../../../arm-none-eabi/lib/thumb/v7e-m/nofp\libg.a(lib_a-__atexit.o)
                              c:/progra~1/gcc-arm-none-eabi-10.3-2021.10/bin/../lib/gcc/arm-none-eabi/10.3.1/../../../../arm-none-eabi/lib/thumb/v7e-m/nofp\libg.a(lib_a-atexit.o) (__register_exitproc)

Discarded input sections

 .text          0x00000000        0x0 c:/progra~1/gcc-arm-none-eabi-10.3-2021.10/bin/../lib/gcc/arm-none-eabi/10.3.1/thumb/v7e-m/nofp/crti.o
 .data          0x00000000        0x0 c:/progra~1/gcc-arm-none-eabi-10.3-2021.10/bin/../lib/gcc/arm-none-eabi/10.3.1/thumb/v7e-m/nofp/crti.o
 .bss           0x00000000        0x0 c:/progra~1/gcc-arm-none-eabi-10.3-2021.10/bin/../lib/gcc/arm-none-eabi/10.3.1/thumb/v7e-m/nofp/crti.o
 .data          0x00000000        0x4 c:/progra~1/gcc-arm-none-eabi-10.3-2021.10/bin/../lib/gcc/arm-none-eabi/10.3.1/thumb/v7e-m/nofp/crtbegin.o
 .rodata        0x00000000       0x24 c:/progra~1/gcc-arm-none-eabi-10.3-2021.10/bin/../lib/gcc/arm-none-eabi/10.3.1/thumb/v7e-m/nofp/crtbegin.o
[...]
Memory Configuration

Name             Origin             Length             Attributes
RAM              0x20000000         0x00018000         xrw
RAM2             0x10000000         0x00008000         xrw
FLASH            0x08000000         0x00100000         xr
*default*        0x00000000         0xffffffff

Linker script and memory map

LOAD c:/progra~1/gcc-arm-none-eabi-10.3-2021.10/bin/../lib/gcc/arm-none-eabi/10.3.1/thumb/v7e-m/nofp/crti.o
LOAD c:/progra~1/gcc-arm-none-eabi-10.3-2021.10/bin/../lib/gcc/arm-none-eabi/10.3.1/thumb/v7e-m/nofp/crtbegin.o
LOAD c:/progra~1/gcc-arm-none-eabi-10.3-2021.10/bin/../lib/gcc/arm-none-eabi/10.3.1/../../../../arm-none-eabi/lib/thumb/v7e-m/nofp/crt0.o
LOAD CMakeFiles/demo_tim.elf.dir/Core/Src/gpio.c.obj
LOAD CMakeFiles/demo_tim.elf.dir/Core/Src/main.c.obj
LOAD CMakeFiles/demo_tim.elf.dir/Core/Src/stm32l4xx_hal_msp.c.obj
LOAD CMakeFiles/demo_tim.elf.dir/Core/Src/stm32l4xx_it.c.obj
LOAD CMakeFiles/demo_tim.elf.dir/Core/Src/syscalls.c.obj
LOAD CMakeFiles/demo_tim.elf.dir/Core/Src/sysmem.c.obj
LOAD CMakeFiles/demo_tim.elf.dir/Core/Src/system_stm32l4xx.c.obj
LOAD CMakeFiles/demo_tim.elf.dir/Core/Src/tim.c.obj
LOAD CMakeFiles/demo_tim.elf.dir/Core/Src/usart.c.obj
LOAD CMakeFiles/demo_tim.elf.dir/Core/Startup/startup_stm32l476rgtx.s.obj
LOAD CMakeFiles/demo_tim.elf.dir/Drivers/STM32L4xx_HAL_Driver/Src/stm32l4xx_hal.c.obj
LOAD CMakeFiles/demo_tim.elf.dir/Drivers/STM32L4xx_HAL_Driver/Src/stm32l4xx_hal_cortex.c.obj
LOAD CMakeFiles/demo_tim.elf.dir/Drivers/STM32L4xx_HAL_Driver/Src/stm32l4xx_hal_dma.c.obj
LOAD CMakeFiles/demo_tim.elf.dir/Drivers/STM32L4xx_HAL_Driver/Src/stm32l4xx_hal_dma_ex.c.obj
LOAD CMakeFiles/demo_tim.elf.dir/Drivers/STM32L4xx_HAL_Driver/Src/stm32l4xx_hal_exti.c.obj
LOAD CMakeFiles/demo_tim.elf.dir/Drivers/STM32L4xx_HAL_Driver/Src/stm32l4xx_hal_flash.c.obj
LOAD CMakeFiles/demo_tim.elf.dir/Drivers/STM32L4xx_HAL_Driver/Src/stm32l4xx_hal_flash_ex.c.obj
LOAD CMakeFiles/demo_tim.elf.dir/Drivers/STM32L4xx_HAL_Driver/Src/stm32l4xx_hal_flash_ramfunc.c.obj
LOAD CMakeFiles/demo_tim.elf.dir/Drivers/STM32L4xx_HAL_Driver/Src/stm32l4xx_hal_gpio.c.obj
LOAD CMakeFiles/demo_tim.elf.dir/Drivers/STM32L4xx_HAL_Driver/Src/stm32l4xx_hal_pwr.c.obj
LOAD CMakeFiles/demo_tim.elf.dir/Drivers/STM32L4xx_HAL_Driver/Src/stm32l4xx_hal_pwr_ex.c.obj
LOAD CMakeFiles/demo_tim.elf.dir/Drivers/STM32L4xx_HAL_Driver/Src/stm32l4xx_hal_rcc.c.obj
LOAD CMakeFiles/demo_tim.elf.dir/Drivers/STM32L4xx_HAL_Driver/Src/stm32l4xx_hal_rcc_ex.c.obj
LOAD CMakeFiles/demo_tim.elf.dir/Drivers/STM32L4xx_HAL_Driver/Src/stm32l4xx_hal_tim.c.obj
LOAD CMakeFiles/demo_tim.elf.dir/Drivers/STM32L4xx_HAL_Driver/Src/stm32l4xx_hal_tim_ex.c.obj
LOAD CMakeFiles/demo_tim.elf.dir/Drivers/STM32L4xx_HAL_Driver/Src/stm32l4xx_hal_uart.c.obj
LOAD CMakeFiles/demo_tim.elf.dir/Drivers/STM32L4xx_HAL_Driver/Src/stm32l4xx_hal_uart_ex.c.obj
START GROUP
LOAD c:/progra~1/gcc-arm-none-eabi-10.3-2021.10/bin/../lib/gcc/arm-none-eabi/10.3.1/thumb/v7e-m/nofp\libgcc.a
LOAD c:/progra~1/gcc-arm-none-eabi-10.3-2021.10/bin/../lib/gcc/arm-none-eabi/10.3.1/../../../../arm-none-eabi/lib/thumb/v7e-m/nofp\libg.a
LOAD c:/progra~1/gcc-arm-none-eabi-10.3-2021.10/bin/../lib/gcc/arm-none-eabi/10.3.1/../../../../arm-none-eabi/lib/thumb/v7e-m/nofp\libc.a
END GROUP
LOAD c:/progra~1/gcc-arm-none-eabi-10.3-2021.10/bin/../lib/gcc/arm-none-eabi/10.3.1/thumb/v7e-m/nofp/crtend.o
LOAD c:/progra~1/gcc-arm-none-eabi-10.3-2021.10/bin/../lib/gcc/arm-none-eabi/10.3.1/thumb/v7e-m/nofp/crtn.o
                0x20018000                _estack = (ORIGIN (RAM) + LENGTH (RAM))
                0x00000200                _Min_Heap_Size = 0x200
                0x00000400                _Min_Stack_Size = 0x400

.isr_vector     0x08000000      0x188
                0x08000000                . = ALIGN (0x4)
 *(.isr_vector)
 .isr_vector    0x08000000      0x188 CMakeFiles/demo_tim.elf.dir/Core/Startup/startup_stm32l476rgtx.s.obj
                0x08000000                g_pfnVectors
                0x08000188                . = ALIGN (0x4)

.text           0x08000188     0x2ce8
                0x08000188                . = ALIGN (0x4)
 *(.text)
 .text          0x08000188       0x40 c:/progra~1/gcc-arm-none-eabi-10.3-2021.10/bin/../lib/gcc/arm-none-eabi/10.3.1/thumb/v7e-m/nofp/crtbegin.o
 .text          0x080001c8       0x30 c:/progra~1/gcc-arm-none-eabi-10.3-2021.10/bin/../lib/gcc/arm-none-eabi/10.3.1/thumb/v7e-m/nofp\libgcc.a(_aeabi_uldivmod.o)
                0x080001c8                __aeabi_uldivmod
 .text          0x080001f8      0x2d0 c:/progra~1/gcc-arm-none-eabi-10.3-2021.10/bin/../lib/gcc/arm-none-eabi/10.3.1/thumb/v7e-m/nofp\libgcc.a(_udivmoddi4.o)
                0x080001f8                __udivmoddi4
 .text          0x080004c8        0x4 c:/progra~1/gcc-arm-none-eabi-10.3-2021.10/bin/../lib/gcc/arm-none-eabi/10.3.1/thumb/v7e-m/nofp\libgcc.a(_dvmd_tls.o)
                0x080004c8                __aeabi_idiv0
                0x080004c8                __aeabi_ldiv0
 *(.text*)
 .text.MX_GPIO_Init
                0x080004cc       0xa0 CMakeFiles/demo_tim.elf.dir/Core/Src/gpio.c.obj
                0x080004cc                MX_GPIO_Init
 .text.Error_Handler
                0x0800056c        0x4 CMakeFiles/demo_tim.elf.dir/Core/Src/main.c.obj
                0x0800056c                Error_Handler
 .text.SystemClock_Config
                0x08000570       0x7a CMakeFiles/demo_tim.elf.dir/Core/Src/main.c.obj
                0x08000570                SystemClock_Config
 *fill*         0x080005ea        0x2 
 .text.main     0x080005ec       0x40 CMakeFiles/demo_tim.elf.dir/Core/Src/main.c.obj
                0x080005ec                main
 .text.HAL_MspInit
                0x0800062c       0x30 CMakeFiles/demo_tim.elf.dir/Core/Src/stm32l4xx_hal_msp.c.obj
                0x0800062c                HAL_MspInit
 .text.NMI_Handler
                0x0800065c        0x2 CMakeFiles/demo_tim.elf.dir/Core/Src/stm32l4xx_it.c.obj
                0x0800065c                NMI_Handler
 .text.HardFault_Handler
                0x0800065e        0x2 CMakeFiles/demo_tim.elf.dir/Core/Src/stm32l4xx_it.c.obj
                0x0800065e                HardFault_Handler
 .text.MemManage_Handler
                0x08000660        0x2 CMakeFiles/demo_tim.elf.dir/Core/Src/stm32l4xx_it.c.obj
                0x08000660                MemManage_Handler
 .text.BusFault_Handler
                0x08000662        0x2 CMakeFiles/demo_tim.elf.dir/Core/Src/stm32l4xx_it.c.obj
                0x08000662                BusFault_Handler
 .text.UsageFault_Handler
                0x08000664        0x2 CMakeFiles/demo_tim.elf.dir/Core/Src/stm32l4xx_it.c.obj
                0x08000664                UsageFault_Handler
 .text.SVC_Handler
                0x08000666        0x2 CMakeFiles/demo_tim.elf.dir/Core/Src/stm32l4xx_it.c.obj
                0x08000666                SVC_Handler
 .text.DebugMon_Handler
                0x08000668        0x2 CMakeFiles/demo_tim.elf.dir/Core/Src/stm32l4xx_it.c.obj
                0x08000668                DebugMon_Handler
 .text.PendSV_Handler
                0x0800066a        0x2 CMakeFiles/demo_tim.elf.dir/Core/Src/stm32l4xx_it.c.obj
                0x0800066a                PendSV_Handler
 .text.SysTick_Handler
                0x0800066c        0x8 CMakeFiles/demo_tim.elf.dir/Core/Src/stm32l4xx_it.c.obj
                0x0800066c                SysTick_Handler
 .text.SystemInit
                0x08000674        0x2 CMakeFiles/demo_tim.elf.dir/Core/Src/system_stm32l4xx.c.obj
                0x08000674                SystemInit
 .text.HAL_TIM_Base_MspInit
                0x08000676       0x26 CMakeFiles/demo_tim.elf.dir/Core/Src/tim.c.obj
                0x08000676                HAL_TIM_Base_MspInit
 .text.HAL_TIM_MspPostInit
                0x0800069c       0x4e CMakeFiles/demo_tim.elf.dir/Core/Src/tim.c.obj
                0x0800069c                HAL_TIM_MspPostInit
 *fill*         0x080006ea        0x2 
 .text.MX_TIM2_Init
                0x080006ec       0xb4 CMakeFiles/demo_tim.elf.dir/Core/Src/tim.c.obj
                0x080006ec                MX_TIM2_Init
 .text.MX_USART2_UART_Init
                0x080007a0       0x38 CMakeFiles/demo_tim.elf.dir/Core/Src/usart.c.obj
                0x080007a0                MX_USART2_UART_Init
 .text.HAL_UART_MspInit
                0x080007d8       0x88 CMakeFiles/demo_tim.elf.dir/Core/Src/usart.c.obj
                0x080007d8                HAL_UART_MspInit
 .text.Reset_Handler
                0x08000860       0x50 CMakeFiles/demo_tim.elf.dir/Core/Startup/startup_stm32l476rgtx.s.obj
                0x08000860                Reset_Handler
 .text.Default_Handler
                0x080008b0        0x2 CMakeFiles/demo_tim.elf.dir/Core/Startup/startup_stm32l476rgtx.s.obj
                0x080008b0                RTC_Alarm_IRQHandler
                0x080008b0                EXTI2_IRQHandler
                0x080008b0                TIM8_TRG_COM_IRQHandler
                0x080008b0                TIM8_CC_IRQHandler
                0x080008b0                TIM1_CC_IRQHandler
                0x080008b0                TSC_IRQHandler
                0x080008b0                TAMP_STAMP_IRQHandler
                0x080008b0                EXTI3_IRQHandler
                0x080008b0                LPTIM2_IRQHandler
                0x080008b0                DFSDM1_FLT1_IRQHandler
                0x080008b0                I2C3_ER_IRQHandler
                0x080008b0                DFSDM1_FLT2_IRQHandler
                0x080008b0                EXTI0_IRQHandler
                0x080008b0                I2C2_EV_IRQHandler
                0x080008b0                CAN1_RX0_IRQHandler
                0x080008b0                FPU_IRQHandler
                0x080008b0                TIM1_UP_TIM16_IRQHandler
                0x080008b0                ADC1_2_IRQHandler
                0x080008b0                SPI1_IRQHandler
                0x080008b0                TIM6_DAC_IRQHandler
                0x080008b0                TIM8_UP_IRQHandler
                0x080008b0                DMA2_Channel2_IRQHandler
                0x080008b0                DMA1_Channel4_IRQHandler
                0x080008b0                SAI2_IRQHandler
                0x080008b0                DFSDM1_FLT3_IRQHandler
                0x080008b0                USART3_IRQHandler
                0x080008b0                DMA1_Channel7_IRQHandler
                0x080008b0                CAN1_RX1_IRQHandler
                0x080008b0                LCD_IRQHandler
                0x080008b0                UART5_IRQHandler
                0x080008b0                ADC3_IRQHandler
                0x080008b0                TIM4_IRQHandler
                0x080008b0                DMA2_Channel1_IRQHandler
                0x080008b0                QUADSPI_IRQHandler
                0x080008b0                I2C1_EV_IRQHandler
                0x080008b0                DMA1_Channel6_IRQHandler
                0x080008b0                UART4_IRQHandler
                0x080008b0                DMA2_Channel4_IRQHandler
                0x080008b0                TIM3_IRQHandler
                0x080008b0                RCC_IRQHandler
                0x080008b0                DMA1_Channel1_IRQHandler
                0x080008b0                Default_Handler
                0x080008b0                DMA2_Channel7_IRQHandler
                0x080008b0                EXTI15_10_IRQHandler
                0x080008b0                TIM7_IRQHandler
                0x080008b0                SDMMC1_IRQHandler
                0x080008b0                TIM5_IRQHandler
                0x080008b0                I2C3_EV_IRQHandler
                0x080008b0                EXTI9_5_IRQHandler
                0x080008b0                RTC_WKUP_IRQHandler
                0x080008b0                PVD_PVM_IRQHandler
                0x080008b0                SPI2_IRQHandler
                0x080008b0                CAN1_TX_IRQHandler
                0x080008b0                DMA2_Channel5_IRQHandler
                0x080008b0                DMA1_Channel5_IRQHandler
                0x080008b0                EXTI4_IRQHandler
                0x080008b0                RNG_IRQHandler
                0x080008b0                TIM1_TRG_COM_TIM17_IRQHandler
                0x080008b0                DMA1_Channel3_IRQHandler
                0x080008b0                COMP_IRQHandler
                0x080008b0                WWDG_IRQHandler
                0x080008b0                LPUART1_IRQHandler
                0x080008b0                DMA2_Channel6_IRQHandler
                0x080008b0                TIM2_IRQHandler
                0x080008b0                EXTI1_IRQHandler
                0x080008b0                USART2_IRQHandler
                0x080008b0                DFSDM1_FLT0_IRQHandler
                0x080008b0                I2C2_ER_IRQHandler
                0x080008b0                DMA1_Channel2_IRQHandler
                0x080008b0                TIM8_BRK_IRQHandler
                0x080008b0                CAN1_SCE_IRQHandler
                0x080008b0                FLASH_IRQHandler
                0x080008b0                USART1_IRQHandler
                0x080008b0                OTG_FS_IRQHandler
                0x080008b0                SPI3_IRQHandler
                0x080008b0                I2C1_ER_IRQHandler
                0x080008b0                FMC_IRQHandler
                0x080008b0                SWPMI1_IRQHandler
                0x080008b0                LPTIM1_IRQHandler
                0x080008b0                SAI1_IRQHandler
                0x080008b0                DMA2_Channel3_IRQHandler
                0x080008b0                TIM1_BRK_TIM15_IRQHandler
 *fill*         0x080008b2        0x2 
 .text.HAL_InitTick
                0x080008b4       0x50 CMakeFiles/demo_tim.elf.dir/Drivers/STM32L4xx_HAL_Driver/Src/stm32l4xx_hal.c.obj
                0x080008b4                HAL_InitTick
 .text.HAL_Init
                0x08000904       0x2c CMakeFiles/demo_tim.elf.dir/Drivers/STM32L4xx_HAL_Driver/Src/stm32l4xx_hal.c.obj
                0x08000904                HAL_Init
 .text.HAL_IncTick
                0x08000930       0x18 CMakeFiles/demo_tim.elf.dir/Drivers/STM32L4xx_HAL_Driver/Src/stm32l4xx_hal.c.obj
                0x08000930                HAL_IncTick
 .text.HAL_GetTick
                0x08000948        0xc CMakeFiles/demo_tim.elf.dir/Drivers/STM32L4xx_HAL_Driver/Src/stm32l4xx_hal.c.obj
                0x08000948                HAL_GetTick
 .text.HAL_Delay
                0x08000954       0x28 CMakeFiles/demo_tim.elf.dir/Drivers/STM32L4xx_HAL_Driver/Src/stm32l4xx_hal.c.obj
                0x08000954                HAL_Delay
 .text.HAL_NVIC_SetPriorityGrouping
                0x0800097c       0x24 CMakeFiles/demo_tim.elf.dir/Drivers/STM32L4xx_HAL_Driver/Src/stm32l4xx_hal_cortex.c.obj
                0x0800097c                HAL_NVIC_SetPriorityGrouping
 .text.HAL_NVIC_SetPriority
                0x080009a0       0x70 CMakeFiles/demo_tim.elf.dir/Drivers/STM32L4xx_HAL_Driver/Src/stm32l4xx_hal_cortex.c.obj
                0x080009a0                HAL_NVIC_SetPriority
 .text.HAL_SYSTICK_Config
                0x08000a10       0x28 CMakeFiles/demo_tim.elf.dir/Drivers/STM32L4xx_HAL_Driver/Src/stm32l4xx_hal_cortex.c.obj
                0x08000a10                HAL_SYSTICK_Config
 .text.HAL_GPIO_Init
                0x08000a38      0x20c CMakeFiles/demo_tim.elf.dir/Drivers/STM32L4xx_HAL_Driver/Src/stm32l4xx_hal_gpio.c.obj
                0x08000a38                HAL_GPIO_Init
 .text.HAL_GPIO_WritePin
                0x08000c44        0xa CMakeFiles/demo_tim.elf.dir/Drivers/STM32L4xx_HAL_Driver/Src/stm32l4xx_hal_gpio.c.obj
                0x08000c44                HAL_GPIO_WritePin
 *fill*         0x08000c4e        0x2 
 .text.HAL_PWREx_GetVoltageRange
                0x08000c50       0x10 CMakeFiles/demo_tim.elf.dir/Drivers/STM32L4xx_HAL_Driver/Src/stm32l4xx_hal_pwr_ex.c.obj
                0x08000c50                HAL_PWREx_GetVoltageRange
 .text.HAL_PWREx_ControlVoltageScaling
                0x08000c60       0x90 CMakeFiles/demo_tim.elf.dir/Drivers/STM32L4xx_HAL_Driver/Src/stm32l4xx_hal_pwr_ex.c.obj
                0x08000c60                HAL_PWREx_ControlVoltageScaling
 .text.RCC_SetFlashLatencyFromMSIRange
                0x08000cf0       0x90 CMakeFiles/demo_tim.elf.dir/Drivers/STM32L4xx_HAL_Driver/Src/stm32l4xx_hal_rcc.c.obj
 .text.HAL_RCC_GetSysClockFreq
                0x08000d80       0xb4 CMakeFiles/demo_tim.elf.dir/Drivers/STM32L4xx_HAL_Driver/Src/stm32l4xx_hal_rcc.c.obj
                0x08000d80                HAL_RCC_GetSysClockFreq
 .text.HAL_RCC_OscConfig
                0x08000e34      0x61c CMakeFiles/demo_tim.elf.dir/Drivers/STM32L4xx_HAL_Driver/Src/stm32l4xx_hal_rcc.c.obj
                0x08000e34                HAL_RCC_OscConfig
 .text.HAL_RCC_ClockConfig
                0x08001450      0x188 CMakeFiles/demo_tim.elf.dir/Drivers/STM32L4xx_HAL_Driver/Src/stm32l4xx_hal_rcc.c.obj
                0x08001450                HAL_RCC_ClockConfig
 .text.HAL_RCC_GetHCLKFreq
                0x080015d8        0xc CMakeFiles/demo_tim.elf.dir/Drivers/STM32L4xx_HAL_Driver/Src/stm32l4xx_hal_rcc.c.obj
                0x080015d8                HAL_RCC_GetHCLKFreq
 .text.HAL_RCC_GetPCLK1Freq
                0x080015e4       0x24 CMakeFiles/demo_tim.elf.dir/Drivers/STM32L4xx_HAL_Driver/Src/stm32l4xx_hal_rcc.c.obj
                0x080015e4                HAL_RCC_GetPCLK1Freq
 .text.HAL_RCC_GetPCLK2Freq
                0x08001608       0x24 CMakeFiles/demo_tim.elf.dir/Drivers/STM32L4xx_HAL_Driver/Src/stm32l4xx_hal_rcc.c.obj
                0x08001608                HAL_RCC_GetPCLK2Freq
 .text.RCCEx_PLLSAI1_Config
                0x0800162c      0x170 CMakeFiles/demo_tim.elf.dir/Drivers/STM32L4xx_HAL_Driver/Src/stm32l4xx_hal_rcc_ex.c.obj
 .text.RCCEx_PLLSAI2_Config
                0x0800179c      0x14c CMakeFiles/demo_tim.elf.dir/Drivers/STM32L4xx_HAL_Driver/Src/stm32l4xx_hal_rcc_ex.c.obj
 .text.HAL_RCCEx_PeriphCLKConfig
                0x080018e8      0x454 CMakeFiles/demo_tim.elf.dir/Drivers/STM32L4xx_HAL_Driver/Src/stm32l4xx_hal_rcc_ex.c.obj
                0x080018e8                HAL_RCCEx_PeriphCLKConfig
 .text.TIM_OC1_SetConfig
                0x08001d3c       0xa0 CMakeFiles/demo_tim.elf.dir/Drivers/STM32L4xx_HAL_Driver/Src/stm32l4xx_hal_tim.c.obj
 .text.TIM_OC3_SetConfig
                0x08001ddc       0x8c CMakeFiles/demo_tim.elf.dir/Drivers/STM32L4xx_HAL_Driver/Src/stm32l4xx_hal_tim.c.obj
 .text.TIM_OC4_SetConfig
                0x08001e68       0x6c CMakeFiles/demo_tim.elf.dir/Drivers/STM32L4xx_HAL_Driver/Src/stm32l4xx_hal_tim.c.obj
 .text.TIM_OC5_SetConfig
                0x08001ed4       0x68 CMakeFiles/demo_tim.elf.dir/Drivers/STM32L4xx_HAL_Driver/Src/stm32l4xx_hal_tim.c.obj
 .text.TIM_OC6_SetConfig
                0x08001f3c       0x6c CMakeFiles/demo_tim.elf.dir/Drivers/STM32L4xx_HAL_Driver/Src/stm32l4xx_hal_tim.c.obj
 .text.TIM_TI1_ConfigInputStage
                0x08001fa8       0x24 CMakeFiles/demo_tim.elf.dir/Drivers/STM32L4xx_HAL_Driver/Src/stm32l4xx_hal_tim.c.obj
 .text.TIM_TI2_ConfigInputStage
                0x08001fcc       0x26 CMakeFiles/demo_tim.elf.dir/Drivers/STM32L4xx_HAL_Driver/Src/stm32l4xx_hal_tim.c.obj
 .text.TIM_ITRx_SetConfig
                0x08001ff2       0x10 CMakeFiles/demo_tim.elf.dir/Drivers/STM32L4xx_HAL_Driver/Src/stm32l4xx_hal_tim.c.obj
 .text.HAL_TIM_PWM_MspInit
                0x08002002        0x2 CMakeFiles/demo_tim.elf.dir/Drivers/STM32L4xx_HAL_Driver/Src/stm32l4xx_hal_tim.c.obj
                0x08002002                HAL_TIM_PWM_MspInit
 .text.TIM_Base_SetConfig
                0x08002004       0xc8 CMakeFiles/demo_tim.elf.dir/Drivers/STM32L4xx_HAL_Driver/Src/stm32l4xx_hal_tim.c.obj
                0x08002004                TIM_Base_SetConfig
 .text.HAL_TIM_Base_Init
                0x080020cc       0x60 CMakeFiles/demo_tim.elf.dir/Drivers/STM32L4xx_HAL_Driver/Src/stm32l4xx_hal_tim.c.obj
                0x080020cc                HAL_TIM_Base_Init
 .text.HAL_TIM_PWM_Init
                0x0800212c       0x60 CMakeFiles/demo_tim.elf.dir/Drivers/STM32L4xx_HAL_Driver/Src/stm32l4xx_hal_tim.c.obj
                0x0800212c                HAL_TIM_PWM_Init
 .text.TIM_OC2_SetConfig
                0x0800218c       0x8c CMakeFiles/demo_tim.elf.dir/Drivers/STM32L4xx_HAL_Driver/Src/stm32l4xx_hal_tim.c.obj
                0x0800218c                TIM_OC2_SetConfig
 .text.HAL_TIM_PWM_ConfigChannel
                0x08002218      0x13a CMakeFiles/demo_tim.elf.dir/Drivers/STM32L4xx_HAL_Driver/Src/stm32l4xx_hal_tim.c.obj
                0x08002218                HAL_TIM_PWM_ConfigChannel
 .text.TIM_ETR_SetConfig
                0x08002352       0x18 CMakeFiles/demo_tim.elf.dir/Drivers/STM32L4xx_HAL_Driver/Src/stm32l4xx_hal_tim.c.obj
                0x08002352                TIM_ETR_SetConfig
 *fill*         0x0800236a        0x2 
 .text.HAL_TIM_ConfigClockSource
                0x0800236c      0x100 CMakeFiles/demo_tim.elf.dir/Drivers/STM32L4xx_HAL_Driver/Src/stm32l4xx_hal_tim.c.obj
                0x0800236c                HAL_TIM_ConfigClockSource
 .text.TIM_CCxChannelCmd
                0x0800246c       0x1e CMakeFiles/demo_tim.elf.dir/Drivers/STM32L4xx_HAL_Driver/Src/stm32l4xx_hal_tim.c.obj
                0x0800246c                TIM_CCxChannelCmd
 *fill*         0x0800248a        0x2 
 .text.HAL_TIM_PWM_Start
                0x0800248c      0x160 CMakeFiles/demo_tim.elf.dir/Drivers/STM32L4xx_HAL_Driver/Src/stm32l4xx_hal_tim.c.obj
                0x0800248c                HAL_TIM_PWM_Start
 .text.HAL_TIMEx_MasterConfigSynchronization
                0x080025ec       0x98 CMakeFiles/demo_tim.elf.dir/Drivers/STM32L4xx_HAL_Driver/Src/stm32l4xx_hal_tim_ex.c.obj
                0x080025ec                HAL_TIMEx_MasterConfigSynchronization
 .text.UART_EndRxTransfer
                0x08002684       0x52 CMakeFiles/demo_tim.elf.dir/Drivers/STM32L4xx_HAL_Driver/Src/stm32l4xx_hal_uart.c.obj
 *fill*         0x080026d6        0x2 
 .text.UART_SetConfig
                0x080026d8      0x328 CMakeFiles/demo_tim.elf.dir/Drivers/STM32L4xx_HAL_Driver/Src/stm32l4xx_hal_uart.c.obj
                0x080026d8                UART_SetConfig
 .text.UART_AdvFeatureConfig
                0x08002a00       0xca CMakeFiles/demo_tim.elf.dir/Drivers/STM32L4xx_HAL_Driver/Src/stm32l4xx_hal_uart.c.obj
                0x08002a00                UART_AdvFeatureConfig
 .text.UART_WaitOnFlagUntilTimeout
                0x08002aca       0x9a CMakeFiles/demo_tim.elf.dir/Drivers/STM32L4xx_HAL_Driver/Src/stm32l4xx_hal_uart.c.obj
                0x08002aca                UART_WaitOnFlagUntilTimeout
 .text.UART_CheckIdleState
                0x08002b64       0xc6 CMakeFiles/demo_tim.elf.dir/Drivers/STM32L4xx_HAL_Driver/Src/stm32l4xx_hal_uart.c.obj
                0x08002b64                UART_CheckIdleState
 .text.HAL_UART_Init
                0x08002c2a       0x62 CMakeFiles/demo_tim.elf.dir/Drivers/STM32L4xx_HAL_Driver/Src/stm32l4xx_hal_uart.c.obj
                0x08002c2a                HAL_UART_Init
 .text.__libc_init_array
                0x08002c8c       0x48 c:/progra~1/gcc-arm-none-eabi-10.3-2021.10/bin/../lib/gcc/arm-none-eabi/10.3.1/../../../../arm-none-eabi/lib/thumb/v7e-m/nofp\libg.a(lib_a-init.o)
                0x08002c8c                __libc_init_array
 .text.memset   0x08002cd4       0xa4 c:/progra~1/gcc-arm-none-eabi-10.3-2021.10/bin/../lib/gcc/arm-none-eabi/10.3.1/../../../../arm-none-eabi/lib/thumb/v7e-m/nofp\libg.a(lib_a-memset.o)
                0x08002cd4                memset
 .text.startup.register_fini
                0x08002d78       0x14 c:/progra~1/gcc-arm-none-eabi-10.3-2021.10/bin/../lib/gcc/arm-none-eabi/10.3.1/../../../../arm-none-eabi/lib/thumb/v7e-m/nofp\libg.a(lib_a-__call_atexit.o)
 .text.atexit   0x08002d8c        0xc c:/progra~1/gcc-arm-none-eabi-10.3-2021.10/bin/../lib/gcc/arm-none-eabi/10.3.1/../../../../arm-none-eabi/lib/thumb/v7e-m/nofp\libg.a(lib_a-atexit.o)
                0x08002d8c                atexit
 .text.__libc_fini_array
                0x08002d98       0x2c c:/progra~1/gcc-arm-none-eabi-10.3-2021.10/bin/../lib/gcc/arm-none-eabi/10.3.1/../../../../arm-none-eabi/lib/thumb/v7e-m/nofp\libg.a(lib_a-fini.o)
                0x08002d98                __libc_fini_array
 .text.__retarget_lock_acquire_recursive
                0x08002dc4        0x4 c:/progra~1/gcc-arm-none-eabi-10.3-2021.10/bin/../lib/gcc/arm-none-eabi/10.3.1/../../../../arm-none-eabi/lib/thumb/v7e-m/nofp\libg.a(lib_a-lock.o)
                0x08002dc4                __retarget_lock_acquire_recursive
 .text.__retarget_lock_release_recursive
                0x08002dc8        0x4 c:/progra~1/gcc-arm-none-eabi-10.3-2021.10/bin/../lib/gcc/arm-none-eabi/10.3.1/../../../../arm-none-eabi/lib/thumb/v7e-m/nofp\libg.a(lib_a-lock.o)
                0x08002dc8                __retarget_lock_release_recursive
 .text.__register_exitproc
                0x08002dcc       0x8c c:/progra~1/gcc-arm-none-eabi-10.3-2021.10/bin/../lib/gcc/arm-none-eabi/10.3.1/../../../../arm-none-eabi/lib/thumb/v7e-m/nofp\libg.a(lib_a-__atexit.o)
                0x08002dcc                __register_exitproc
 *(.glue_7)
 .glue_7        0x08002e58        0x0 linker stubs
 *(.glue_7t)
 .glue_7t       0x08002e58        0x0 linker stubs
 *(.eh_frame)
 .eh_frame      0x08002e58        0x0 c:/progra~1/gcc-arm-none-eabi-10.3-2021.10/bin/../lib/gcc/arm-none-eabi/10.3.1/thumb/v7e-m/nofp/crtbegin.o
 *(.init)
 .init          0x08002e58        0x4 c:/progra~1/gcc-arm-none-eabi-10.3-2021.10/bin/../lib/gcc/arm-none-eabi/10.3.1/thumb/v7e-m/nofp/crti.o
                0x08002e58                _init
 .init          0x08002e5c        0x8 c:/progra~1/gcc-arm-none-eabi-10.3-2021.10/bin/../lib/gcc/arm-none-eabi/10.3.1/thumb/v7e-m/nofp/crtn.o
 *(.fini)
 .fini          0x08002e64        0x4 c:/progra~1/gcc-arm-none-eabi-10.3-2021.10/bin/../lib/gcc/arm-none-eabi/10.3.1/thumb/v7e-m/nofp/crti.o
                0x08002e64                _fini
 .fini          0x08002e68        0x8 c:/progra~1/gcc-arm-none-eabi-10.3-2021.10/bin/../lib/gcc/arm-none-eabi/10.3.1/thumb/v7e-m/nofp/crtn.o
                0x08002e70                . = ALIGN (0x4)
                0x08002e70                _etext = .

.vfp11_veneer   0x08002e70        0x0
 .vfp11_veneer  0x08002e70        0x0 linker stubs

.v4_bx          0x08002e70        0x0
 .v4_bx         0x08002e70        0x0 linker stubs

.iplt           0x08002e70        0x0
 .iplt          0x08002e70        0x0 c:/progra~1/gcc-arm-none-eabi-10.3-2021.10/bin/../lib/gcc/arm-none-eabi/10.3.1/thumb/v7e-m/nofp/crtbegin.o

.rodata         0x08002e70       0x4c
                0x08002e70                . = ALIGN (0x4)
 *(.rodata)
 *(.rodata*)
 .rodata.AHBPrescTable
                0x08002e70       0x10 CMakeFiles/demo_tim.elf.dir/Core/Src/system_stm32l4xx.c.obj
                0x08002e70                AHBPrescTable
 .rodata.APBPrescTable
                0x08002e80        0x8 CMakeFiles/demo_tim.elf.dir/Core/Src/system_stm32l4xx.c.obj
                0x08002e80                APBPrescTable
 .rodata.MSIRangeTable
                0x08002e88       0x30 CMakeFiles/demo_tim.elf.dir/Core/Src/system_stm32l4xx.c.obj
                0x08002e88                MSIRangeTable
 .rodata._global_impure_ptr
                0x08002eb8        0x4 c:/progra~1/gcc-arm-none-eabi-10.3-2021.10/bin/../lib/gcc/arm-none-eabi/10.3.1/../../../../arm-none-eabi/lib/thumb/v7e-m/nofp\libg.a(lib_a-impure.o)
                0x08002eb8                _global_impure_ptr
                0x08002ebc                . = ALIGN (0x4)

.ARM.extab      0x08002ebc        0x0
                0x08002ebc                . = ALIGN (0x4)
 *(.ARM.extab* .gnu.linkonce.armextab.*)
                0x08002ebc                . = ALIGN (0x4)

.ARM            0x08002ebc        0x8
                0x08002ebc                . = ALIGN (0x4)
                0x08002ebc                __exidx_start = .
 *(.ARM.exidx*)
 .ARM.exidx     0x08002ebc        0x8 c:/progra~1/gcc-arm-none-eabi-10.3-2021.10/bin/../lib/gcc/arm-none-eabi/10.3.1/thumb/v7e-m/nofp\libgcc.a(_udivmoddi4.o)
                0x08002ec4                __exidx_end = .
                0x08002ec4                . = ALIGN (0x4)

.rel.dyn        0x08002ec4        0x0
 .rel.iplt      0x08002ec4        0x0 c:/progra~1/gcc-arm-none-eabi-10.3-2021.10/bin/../lib/gcc/arm-none-eabi/10.3.1/thumb/v7e-m/nofp/crtbegin.o

.preinit_array  0x08002ec4        0x0
                0x08002ec4                . = ALIGN (0x4)
                0x08002ec4                PROVIDE (__preinit_array_start = .)
 *(.preinit_array*)
                0x08002ec4                PROVIDE (__preinit_array_end = .)
                0x08002ec4                . = ALIGN (0x4)

.init_array     0x08002ec4        0x8
                0x08002ec4                . = ALIGN (0x4)
                0x08002ec4                PROVIDE (__init_array_start = .)
 *(SORT_BY_NAME(.init_array.*))
 .init_array.00000
                0x08002ec4        0x4 c:/progra~1/gcc-arm-none-eabi-10.3-2021.10/bin/../lib/gcc/arm-none-eabi/10.3.1/../../../../arm-none-eabi/lib/thumb/v7e-m/nofp\libg.a(lib_a-__call_atexit.o)
 *(.init_array*)
 .init_array    0x08002ec8        0x4 c:/progra~1/gcc-arm-none-eabi-10.3-2021.10/bin/../lib/gcc/arm-none-eabi/10.3.1/thumb/v7e-m/nofp/crtbegin.o
                0x08002ecc                PROVIDE (__init_array_end = .)
                0x08002ecc                . = ALIGN (0x4)

.fini_array     0x08002ecc        0x4
                0x08002ecc                . = ALIGN (0x4)
                0x08002ecc                PROVIDE (__fini_array_start = .)
 *(SORT_BY_NAME(.fini_array.*))
 *(.fini_array*)
 .fini_array    0x08002ecc        0x4 c:/progra~1/gcc-arm-none-eabi-10.3-2021.10/bin/../lib/gcc/arm-none-eabi/10.3.1/thumb/v7e-m/nofp/crtbegin.o
                0x08002ed0                PROVIDE (__fini_array_end = .)
                0x08002ed0                . = ALIGN (0x4)
                0x08002ed0                _sidata = LOADADDR (.data)

.data           0x20000000      0x43c load address 0x08002ed0
                0x20000000                . = ALIGN (0x4)
                0x20000000                _sdata = .
 *(.data)
 *(.data*)
 .data.SystemCoreClock
                0x20000000        0x4 CMakeFiles/demo_tim.elf.dir/Core/Src/system_stm32l4xx.c.obj
                0x20000000                SystemCoreClock
 .data.uwTickFreq
                0x20000004        0x1 CMakeFiles/demo_tim.elf.dir/Drivers/STM32L4xx_HAL_Driver/Src/stm32l4xx_hal.c.obj
                0x20000004                uwTickFreq
 *fill*         0x20000005        0x3 
 .data.uwTickPrio
                0x20000008        0x4 CMakeFiles/demo_tim.elf.dir/Drivers/STM32L4xx_HAL_Driver/Src/stm32l4xx_hal.c.obj
                0x20000008                uwTickPrio
 *fill*         0x2000000c        0x4 
 .data.impure_data
                0x20000010      0x428 c:/progra~1/gcc-arm-none-eabi-10.3-2021.10/bin/../lib/gcc/arm-none-eabi/10.3.1/../../../../arm-none-eabi/lib/thumb/v7e-m/nofp\libg.a(lib_a-impure.o)
 .data.__atexit_recursive_mutex
                0x20000438        0x4 c:/progra~1/gcc-arm-none-eabi-10.3-2021.10/bin/../lib/gcc/arm-none-eabi/10.3.1/../../../../arm-none-eabi/lib/thumb/v7e-m/nofp\libg.a(lib_a-__call_atexit.o)
                0x20000438                __atexit_recursive_mutex
 *(.RamFunc)
 *(.RamFunc*)
                0x2000043c                . = ALIGN (0x4)
                0x2000043c                _edata = .

.igot.plt       0x2000043c        0x0 load address 0x0800330c
 .igot.plt      0x2000043c        0x0 c:/progra~1/gcc-arm-none-eabi-10.3-2021.10/bin/../lib/gcc/arm-none-eabi/10.3.1/thumb/v7e-m/nofp/crtbegin.o
                0x2000043c                . = ALIGN (0x4)

.bss            0x2000043c       0xf8 load address 0x0800330c
                0x2000043c                _sbss = .
                0x2000043c                __bss_start__ = _sbss
 *(.bss)
 .bss           0x2000043c       0x1c c:/progra~1/gcc-arm-none-eabi-10.3-2021.10/bin/../lib/gcc/arm-none-eabi/10.3.1/thumb/v7e-m/nofp/crtbegin.o
 *(.bss*)
 .bss.htim2     0x20000458       0x4c CMakeFiles/demo_tim.elf.dir/Core/Src/tim.c.obj
                0x20000458                htim2
 .bss.huart2    0x200004a4       0x88 CMakeFiles/demo_tim.elf.dir/Core/Src/usart.c.obj
                0x200004a4                huart2
 .bss.uwTick    0x2000052c        0x4 CMakeFiles/demo_tim.elf.dir/Drivers/STM32L4xx_HAL_Driver/Src/stm32l4xx_hal.c.obj
                0x2000052c                uwTick
 .bss.__lock___atexit_recursive_mutex
                0x20000530        0x1 c:/progra~1/gcc-arm-none-eabi-10.3-2021.10/bin/../lib/gcc/arm-none-eabi/10.3.1/../../../../arm-none-eabi/lib/thumb/v7e-m/nofp\libg.a(lib_a-lock.o)
                0x20000530                __lock___atexit_recursive_mutex
 *(COMMON)
                0x20000534                . = ALIGN (0x4)
 *fill*         0x20000531        0x3 
                0x20000534                _ebss = .
                0x20000534                __bss_end__ = _ebss

._user_heap_stack
                0x20000534      0x604 load address 0x0800330c
                0x20000538                . = ALIGN (0x8)
 *fill*         0x20000534        0x4 
                [!provide]                PROVIDE (end = .)
                0x20000538                PROVIDE (_end = .)
                0x20000738                . = (. + _Min_Heap_Size)
 *fill*         0x20000538      0x200 
                0x20000b38                . = (. + _Min_Stack_Size)
 *fill*         0x20000738      0x400 
                0x20000b38                . = ALIGN (0x8)

/DISCARD/
 libc.a(*)
 libm.a(*)
 libgcc.a(*)

.ARM.attributes
                0x00000000       0x2a
 *(.ARM.attributes)
 .ARM.attributes
                0x00000000       0x1e c:/progra~1/gcc-arm-none-eabi-10.3-2021.10/bin/../lib/gcc/arm-none-eabi/10.3.1/thumb/v7e-m/nofp/crti.o
 .ARM.attributes
                0x0000001e       0x2e c:/progra~1/gcc-arm-none-eabi-10.3-2021.10/bin/../lib/gcc/arm-none-eabi/10.3.1/thumb/v7e-m/nofp/crtbegin.o
 .ARM.attributes
                0x0000004c       0x2e CMakeFiles/demo_tim.elf.dir/Core/Src/gpio.c.obj
 .ARM.attributes
                0x0000007a       0x2e CMakeFiles/demo_tim.elf.dir/Core/Src/main.c.obj
 .ARM.attributes
                0x000000a8       0x2e CMakeFiles/demo_tim.elf.dir/Core/Src/stm32l4xx_hal_msp.c.obj
 .ARM.attributes
                0x000000d6       0x2e CMakeFiles/demo_tim.elf.dir/Core/Src/stm32l4xx_it.c.obj
 .ARM.attributes
                0x00000104       0x2e CMakeFiles/demo_tim.elf.dir/Core/Src/system_stm32l4xx.c.obj
 .ARM.attributes
                0x00000132       0x2e CMakeFiles/demo_tim.elf.dir/Core/Src/tim.c.obj
 .ARM.attributes
                0x00000160       0x2e CMakeFiles/demo_tim.elf.dir/Core/Src/usart.c.obj
 .ARM.attributes
                0x0000018e       0x21 CMakeFiles/demo_tim.elf.dir/Core/Startup/startup_stm32l476rgtx.s.obj
 .ARM.attributes
                0x000001af       0x2e CMakeFiles/demo_tim.elf.dir/Drivers/STM32L4xx_HAL_Driver/Src/stm32l4xx_hal.c.obj
 .ARM.attributes
                0x000001dd       0x2e CMakeFiles/demo_tim.elf.dir/Drivers/STM32L4xx_HAL_Driver/Src/stm32l4xx_hal_cortex.c.obj
 .ARM.attributes
                0x0000020b       0x2e CMakeFiles/demo_tim.elf.dir/Drivers/STM32L4xx_HAL_Driver/Src/stm32l4xx_hal_gpio.c.obj
 .ARM.attributes
                0x00000239       0x2e CMakeFiles/demo_tim.elf.dir/Drivers/STM32L4xx_HAL_Driver/Src/stm32l4xx_hal_pwr_ex.c.obj
 .ARM.attributes
                0x00000267       0x2e CMakeFiles/demo_tim.elf.dir/Drivers/STM32L4xx_HAL_Driver/Src/stm32l4xx_hal_rcc.c.obj
 .ARM.attributes
                0x00000295       0x2e CMakeFiles/demo_tim.elf.dir/Drivers/STM32L4xx_HAL_Driver/Src/stm32l4xx_hal_rcc_ex.c.obj
 .ARM.attributes
                0x000002c3       0x2e CMakeFiles/demo_tim.elf.dir/Drivers/STM32L4xx_HAL_Driver/Src/stm32l4xx_hal_tim.c.obj
 .ARM.attributes
                0x000002f1       0x2e CMakeFiles/demo_tim.elf.dir/Drivers/STM32L4xx_HAL_Driver/Src/stm32l4xx_hal_tim_ex.c.obj
 .ARM.attributes
                0x0000031f       0x2e CMakeFiles/demo_tim.elf.dir/Drivers/STM32L4xx_HAL_Driver/Src/stm32l4xx_hal_uart.c.obj
 .ARM.attributes
                0x0000034d       0x1e c:/progra~1/gcc-arm-none-eabi-10.3-2021.10/bin/../lib/gcc/arm-none-eabi/10.3.1/thumb/v7e-m/nofp\libgcc.a(_aeabi_uldivmod.o)
 .ARM.attributes
                0x0000036b       0x2e c:/progra~1/gcc-arm-none-eabi-10.3-2021.10/bin/../lib/gcc/arm-none-eabi/10.3.1/thumb/v7e-m/nofp\libgcc.a(_udivmoddi4.o)
 .ARM.attributes
                0x00000399       0x1e c:/progra~1/gcc-arm-none-eabi-10.3-2021.10/bin/../lib/gcc/arm-none-eabi/10.3.1/thumb/v7e-m/nofp\libgcc.a(_dvmd_tls.o)
 .ARM.attributes
                0x000003b7       0x2e c:/progra~1/gcc-arm-none-eabi-10.3-2021.10/bin/../lib/gcc/arm-none-eabi/10.3.1/../../../../arm-none-eabi/lib/thumb/v7e-m/nofp\libg.a(lib_a-impure.o)
 .ARM.attributes
                0x000003e5       0x2e c:/progra~1/gcc-arm-none-eabi-10.3-2021.10/bin/../lib/gcc/arm-none-eabi/10.3.1/../../../../arm-none-eabi/lib/thumb/v7e-m/nofp\libg.a(lib_a-init.o)
 .ARM.attributes
                0x00000413       0x2e c:/progra~1/gcc-arm-none-eabi-10.3-2021.10/bin/../lib/gcc/arm-none-eabi/10.3.1/../../../../arm-none-eabi/lib/thumb/v7e-m/nofp\libg.a(lib_a-memset.o)
 .ARM.attributes
                0x00000441       0x2e c:/progra~1/gcc-arm-none-eabi-10.3-2021.10/bin/../lib/gcc/arm-none-eabi/10.3.1/../../../../arm-none-eabi/lib/thumb/v7e-m/nofp\libg.a(lib_a-__call_atexit.o)
 .ARM.attributes
                0x0000046f       0x2e c:/progra~1/gcc-arm-none-eabi-10.3-2021.10/bin/../lib/gcc/arm-none-eabi/10.3.1/../../../../arm-none-eabi/lib/thumb/v7e-m/nofp\libg.a(lib_a-atexit.o)
 .ARM.attributes
                0x0000049d       0x2e c:/progra~1/gcc-arm-none-eabi-10.3-2021.10/bin/../lib/gcc/arm-none-eabi/10.3.1/../../../../arm-none-eabi/lib/thumb/v7e-m/nofp\libg.a(lib_a-fini.o)
 .ARM.attributes
                0x000004cb       0x2e c:/progra~1/gcc-arm-none-eabi-10.3-2021.10/bin/../lib/gcc/arm-none-eabi/10.3.1/../../../../arm-none-eabi/lib/thumb/v7e-m/nofp\libg.a(lib_a-lock.o)
 .ARM.attributes
                0x000004f9       0x2e c:/progra~1/gcc-arm-none-eabi-10.3-2021.10/bin/../lib/gcc/arm-none-eabi/10.3.1/../../../../arm-none-eabi/lib/thumb/v7e-m/nofp\libg.a(lib_a-__atexit.o)
 .ARM.attributes
                0x00000527       0x1e c:/progra~1/gcc-arm-none-eabi-10.3-2021.10/bin/../lib/gcc/arm-none-eabi/10.3.1/thumb/v7e-m/nofp/crtn.o
OUTPUT(demo_tim.elf elf32-littlearm)
LOAD linker stubs
LOAD c:/progra~1/gcc-arm-none-eabi-10.3-2021.10/bin/../lib/gcc/arm-none-eabi/10.3.1/../../../../arm-none-eabi/lib/thumb/v7e-m/nofp\libc.a
LOAD c:/progra~1/gcc-arm-none-eabi-10.3-2021.10/bin/../lib/gcc/arm-none-eabi/10.3.1/../../../../arm-none-eabi/lib/thumb/v7e-m/nofp\libm.a
LOAD c:/progra~1/gcc-arm-none-eabi-10.3-2021.10/bin/../lib/gcc/arm-none-eabi/10.3.1/thumb/v7e-m/nofp\libgcc.a

.debug_info     0x00000000    0x133e4
 .debug_info    0x00000000      0x515 CMakeFiles/demo_tim.elf.dir/Core/Src/gpio.c.obj
 .debug_info    0x00000515      0xa03 CMakeFiles/demo_tim.elf.dir/Core/Src/main.c.obj
 .debug_info    0x00000f18      0x304 CMakeFiles/demo_tim.elf.dir/Core/Src/stm32l4xx_hal_msp.c.obj
 .debug_info    0x0000121c      0x130 CMakeFiles/demo_tim.elf.dir/Core/Src/stm32l4xx_it.c.obj
 .debug_info    0x0000134c      0x425 CMakeFiles/demo_tim.elf.dir/Core/Src/system_stm32l4xx.c.obj
 .debug_info    0x00001771      0xd73 CMakeFiles/demo_tim.elf.dir/Core/Src/tim.c.obj
 .debug_info    0x000024e4      0xdda CMakeFiles/demo_tim.elf.dir/Core/Src/usart.c.obj
 .debug_info    0x000032be       0x22 CMakeFiles/demo_tim.elf.dir/Core/Startup/startup_stm32l476rgtx.s.obj
 .debug_info    0x000032e0      0xce8 CMakeFiles/demo_tim.elf.dir/Drivers/STM32L4xx_HAL_Driver/Src/stm32l4xx_hal.c.obj
 .debug_info    0x00003fc8     0x109e CMakeFiles/demo_tim.elf.dir/Drivers/STM32L4xx_HAL_Driver/Src/stm32l4xx_hal_cortex.c.obj
 .debug_info    0x00005066      0x857 CMakeFiles/demo_tim.elf.dir/Drivers/STM32L4xx_HAL_Driver/Src/stm32l4xx_hal_gpio.c.obj
 .debug_info    0x000058bd      0xaa2 CMakeFiles/demo_tim.elf.dir/Drivers/STM32L4xx_HAL_Driver/Src/stm32l4xx_hal_pwr_ex.c.obj
 .debug_info    0x0000635f      0xf3f CMakeFiles/demo_tim.elf.dir/Drivers/STM32L4xx_HAL_Driver/Src/stm32l4xx_hal_rcc.c.obj
 .debug_info    0x0000729e     0x125c CMakeFiles/demo_tim.elf.dir/Drivers/STM32L4xx_HAL_Driver/Src/stm32l4xx_hal_rcc_ex.c.obj
 .debug_info    0x000084fa     0x3f24 CMakeFiles/demo_tim.elf.dir/Drivers/STM32L4xx_HAL_Driver/Src/stm32l4xx_hal_tim.c.obj
 .debug_info    0x0000c41e     0x1d2b CMakeFiles/demo_tim.elf.dir/Drivers/STM32L4xx_HAL_Driver/Src/stm32l4xx_hal_tim_ex.c.obj
 .debug_info    0x0000e149     0x529b CMakeFiles/demo_tim.elf.dir/Drivers/STM32L4xx_HAL_Driver/Src/stm32l4xx_hal_uart.c.obj

.debug_abbrev   0x00000000     0x1f6b
 .debug_abbrev  0x00000000      0x14e CMakeFiles/demo_tim.elf.dir/Core/Src/gpio.c.obj
 .debug_abbrev  0x0000014e      0x222 CMakeFiles/demo_tim.elf.dir/Core/Src/main.c.obj
 .debug_abbrev  0x00000370       0xbf CMakeFiles/demo_tim.elf.dir/Core/Src/stm32l4xx_hal_msp.c.obj
 .debug_abbrev  0x0000042f       0x7e CMakeFiles/demo_tim.elf.dir/Core/Src/stm32l4xx_it.c.obj
 .debug_abbrev  0x000004ad      0x119 CMakeFiles/demo_tim.elf.dir/Core/Src/system_stm32l4xx.c.obj
 .debug_abbrev  0x000005c6      0x200 CMakeFiles/demo_tim.elf.dir/Core/Src/tim.c.obj
 .debug_abbrev  0x000007c6      0x1eb CMakeFiles/demo_tim.elf.dir/Core/Src/usart.c.obj
 .debug_abbrev  0x000009b1       0x12 CMakeFiles/demo_tim.elf.dir/Core/Startup/startup_stm32l476rgtx.s.obj
 .debug_abbrev  0x000009c3      0x22a CMakeFiles/demo_tim.elf.dir/Drivers/STM32L4xx_HAL_Driver/Src/stm32l4xx_hal.c.obj
 .debug_abbrev  0x00000bed      0x36a CMakeFiles/demo_tim.elf.dir/Drivers/STM32L4xx_HAL_Driver/Src/stm32l4xx_hal_cortex.c.obj
 .debug_abbrev  0x00000f57      0x1e6 CMakeFiles/demo_tim.elf.dir/Drivers/STM32L4xx_HAL_Driver/Src/stm32l4xx_hal_gpio.c.obj
 .debug_abbrev  0x0000113d      0x215 CMakeFiles/demo_tim.elf.dir/Drivers/STM32L4xx_HAL_Driver/Src/stm32l4xx_hal_pwr_ex.c.obj
 .debug_abbrev  0x00001352      0x251 CMakeFiles/demo_tim.elf.dir/Drivers/STM32L4xx_HAL_Driver/Src/stm32l4xx_hal_rcc.c.obj
 .debug_abbrev  0x000015a3      0x275 CMakeFiles/demo_tim.elf.dir/Drivers/STM32L4xx_HAL_Driver/Src/stm32l4xx_hal_rcc_ex.c.obj
 .debug_abbrev  0x00001818      0x232 CMakeFiles/demo_tim.elf.dir/Drivers/STM32L4xx_HAL_Driver/Src/stm32l4xx_hal_tim.c.obj
 .debug_abbrev  0x00001a4a      0x248 CMakeFiles/demo_tim.elf.dir/Drivers/STM32L4xx_HAL_Driver/Src/stm32l4xx_hal_tim_ex.c.obj
 .debug_abbrev  0x00001c92      0x2d9 CMakeFiles/demo_tim.elf.dir/Drivers/STM32L4xx_HAL_Driver/Src/stm32l4xx_hal_uart.c.obj

.debug_aranges  0x00000000      0xdf0
 .debug_aranges
                0x00000000       0x20 CMakeFiles/demo_tim.elf.dir/Core/Src/gpio.c.obj
 .debug_aranges
                0x00000020       0x30 CMakeFiles/demo_tim.elf.dir/Core/Src/main.c.obj
 .debug_aranges
                0x00000050       0x20 CMakeFiles/demo_tim.elf.dir/Core/Src/stm32l4xx_hal_msp.c.obj
 .debug_aranges
                0x00000070       0x60 CMakeFiles/demo_tim.elf.dir/Core/Src/stm32l4xx_it.c.obj
 .debug_aranges
                0x000000d0       0x28 CMakeFiles/demo_tim.elf.dir/Core/Src/system_stm32l4xx.c.obj
 .debug_aranges
                0x000000f8       0x38 CMakeFiles/demo_tim.elf.dir/Core/Src/tim.c.obj
 .debug_aranges
                0x00000130       0x30 CMakeFiles/demo_tim.elf.dir/Core/Src/usart.c.obj
 .debug_aranges
                0x00000160       0x28 CMakeFiles/demo_tim.elf.dir/Core/Startup/startup_stm32l476rgtx.s.obj
 .debug_aranges
                0x00000188      0x130 CMakeFiles/demo_tim.elf.dir/Drivers/STM32L4xx_HAL_Driver/Src/stm32l4xx_hal.c.obj
 .debug_aranges
                0x000002b8       0xa8 CMakeFiles/demo_tim.elf.dir/Drivers/STM32L4xx_HAL_Driver/Src/stm32l4xx_hal_cortex.c.obj
 .debug_aranges
                0x00000360       0x58 CMakeFiles/demo_tim.elf.dir/Drivers/STM32L4xx_HAL_Driver/Src/stm32l4xx_hal_gpio.c.obj
 .debug_aranges
                0x000003b8      0x160 CMakeFiles/demo_tim.elf.dir/Drivers/STM32L4xx_HAL_Driver/Src/stm32l4xx_hal_pwr_ex.c.obj
 .debug_aranges
                0x00000518       0x90 CMakeFiles/demo_tim.elf.dir/Drivers/STM32L4xx_HAL_Driver/Src/stm32l4xx_hal_rcc.c.obj
 .debug_aranges
                0x000005a8       0xc0 CMakeFiles/demo_tim.elf.dir/Drivers/STM32L4xx_HAL_Driver/Src/stm32l4xx_hal_rcc_ex.c.obj
 .debug_aranges
                0x00000668      0x3e0 CMakeFiles/demo_tim.elf.dir/Drivers/STM32L4xx_HAL_Driver/Src/stm32l4xx_hal_tim.c.obj
 .debug_aranges
                0x00000a48      0x180 CMakeFiles/demo_tim.elf.dir/Drivers/STM32L4xx_HAL_Driver/Src/stm32l4xx_hal_tim_ex.c.obj
 .debug_aranges
                0x00000bc8      0x228 CMakeFiles/demo_tim.elf.dir/Drivers/STM32L4xx_HAL_Driver/Src/stm32l4xx_hal_uart.c.obj

.debug_ranges   0x00000000      0xd90
 .debug_ranges  0x00000000       0x10 CMakeFiles/demo_tim.elf.dir/Core/Src/gpio.c.obj
 .debug_ranges  0x00000010       0x20 CMakeFiles/demo_tim.elf.dir/Core/Src/main.c.obj
 .debug_ranges  0x00000030       0x10 CMakeFiles/demo_tim.elf.dir/Core/Src/stm32l4xx_hal_msp.c.obj
 .debug_ranges  0x00000040       0x50 CMakeFiles/demo_tim.elf.dir/Core/Src/stm32l4xx_it.c.obj
 .debug_ranges  0x00000090       0x18 CMakeFiles/demo_tim.elf.dir/Core/Src/system_stm32l4xx.c.obj
 .debug_ranges  0x000000a8       0x28 CMakeFiles/demo_tim.elf.dir/Core/Src/tim.c.obj
 .debug_ranges  0x000000d0       0x20 CMakeFiles/demo_tim.elf.dir/Core/Src/usart.c.obj
 .debug_ranges  0x000000f0       0x20 CMakeFiles/demo_tim.elf.dir/Core/Startup/startup_stm32l476rgtx.s.obj
 .debug_ranges  0x00000110      0x120 CMakeFiles/demo_tim.elf.dir/Drivers/STM32L4xx_HAL_Driver/Src/stm32l4xx_hal.c.obj
 .debug_ranges  0x00000230       0xf8 CMakeFiles/demo_tim.elf.dir/Drivers/STM32L4xx_HAL_Driver/Src/stm32l4xx_hal_cortex.c.obj
 .debug_ranges  0x00000328       0x48 CMakeFiles/demo_tim.elf.dir/Drivers/STM32L4xx_HAL_Driver/Src/stm32l4xx_hal_gpio.c.obj
 .debug_ranges  0x00000370      0x150 CMakeFiles/demo_tim.elf.dir/Drivers/STM32L4xx_HAL_Driver/Src/stm32l4xx_hal_pwr_ex.c.obj
 .debug_ranges  0x000004c0       0x98 CMakeFiles/demo_tim.elf.dir/Drivers/STM32L4xx_HAL_Driver/Src/stm32l4xx_hal_rcc.c.obj
 .debug_ranges  0x00000558       0xc8 CMakeFiles/demo_tim.elf.dir/Drivers/STM32L4xx_HAL_Driver/Src/stm32l4xx_hal_rcc_ex.c.obj
 .debug_ranges  0x00000620      0x3d0 CMakeFiles/demo_tim.elf.dir/Drivers/STM32L4xx_HAL_Driver/Src/stm32l4xx_hal_tim.c.obj
 .debug_ranges  0x000009f0      0x170 CMakeFiles/demo_tim.elf.dir/Drivers/STM32L4xx_HAL_Driver/Src/stm32l4xx_hal_tim_ex.c.obj
 .debug_ranges  0x00000b60      0x230 CMakeFiles/demo_tim.elf.dir/Drivers/STM32L4xx_HAL_Driver/Src/stm32l4xx_hal_uart.c.obj

.debug_line     0x00000000    0x12029
 .debug_line    0x00000000      0x240 CMakeFiles/demo_tim.elf.dir/Core/Src/gpio.c.obj
 .debug_line    0x00000240      0x426 CMakeFiles/demo_tim.elf.dir/Core/Src/main.c.obj
 .debug_line    0x00000666      0x19d CMakeFiles/demo_tim.elf.dir/Core/Src/stm32l4xx_hal_msp.c.obj
 .debug_line    0x00000803      0x1c9 CMakeFiles/demo_tim.elf.dir/Core/Src/stm32l4xx_it.c.obj
 .debug_line    0x000009cc      0x2a9 CMakeFiles/demo_tim.elf.dir/Core/Src/system_stm32l4xx.c.obj
 .debug_line    0x00000c75      0x3fd CMakeFiles/demo_tim.elf.dir/Core/Src/tim.c.obj
 .debug_line    0x00001072      0x3ba CMakeFiles/demo_tim.elf.dir/Core/Src/usart.c.obj
 .debug_line    0x0000142c       0xae CMakeFiles/demo_tim.elf.dir/Core/Startup/startup_stm32l476rgtx.s.obj
 .debug_line    0x000014da      0x727 CMakeFiles/demo_tim.elf.dir/Drivers/STM32L4xx_HAL_Driver/Src/stm32l4xx_hal.c.obj
 .debug_line    0x00001c01      0x801 CMakeFiles/demo_tim.elf.dir/Drivers/STM32L4xx_HAL_Driver/Src/stm32l4xx_hal_cortex.c.obj
 .debug_line    0x00002402      0x731 CMakeFiles/demo_tim.elf.dir/Drivers/STM32L4xx_HAL_Driver/Src/stm32l4xx_hal_gpio.c.obj
 .debug_line    0x00002b33      0xb6a CMakeFiles/demo_tim.elf.dir/Drivers/STM32L4xx_HAL_Driver/Src/stm32l4xx_hal_pwr_ex.c.obj
 .debug_line    0x0000369d      0xf5b CMakeFiles/demo_tim.elf.dir/Drivers/STM32L4xx_HAL_Driver/Src/stm32l4xx_hal_rcc.c.obj
 .debug_line    0x000045f8     0x158e CMakeFiles/demo_tim.elf.dir/Drivers/STM32L4xx_HAL_Driver/Src/stm32l4xx_hal_rcc_ex.c.obj
 .debug_line    0x00005b86     0x5284 CMakeFiles/demo_tim.elf.dir/Drivers/STM32L4xx_HAL_Driver/Src/stm32l4xx_hal_tim.c.obj
 .debug_line    0x0000ae0a     0x1fd3 CMakeFiles/demo_tim.elf.dir/Drivers/STM32L4xx_HAL_Driver/Src/stm32l4xx_hal_tim_ex.c.obj
 .debug_line    0x0000cddd     0x524c CMakeFiles/demo_tim.elf.dir/Drivers/STM32L4xx_HAL_Driver/Src/stm32l4xx_hal_uart.c.obj

.debug_str      0x00000000     0x4c03
 .debug_str     0x00000000      0x3ac CMakeFiles/demo_tim.elf.dir/Core/Src/gpio.c.obj
                                0x3fc (size before relaxing)
 .debug_str     0x000003ac      0x717 CMakeFiles/demo_tim.elf.dir/Core/Src/main.c.obj
                                0x935 (size before relaxing)
 .debug_str     0x00000ac3       0x52 CMakeFiles/demo_tim.elf.dir/Core/Src/stm32l4xx_hal_msp.c.obj
                                0x346 (size before relaxing)
 .debug_str     0x00000b15       0xdd CMakeFiles/demo_tim.elf.dir/Core/Src/stm32l4xx_it.c.obj
                                0x26d (size before relaxing)
 .debug_str     0x00000bf2       0xce CMakeFiles/demo_tim.elf.dir/Core/Src/system_stm32l4xx.c.obj
                                0x3c3 (size before relaxing)
 .debug_str     0x00000cc0      0x225 CMakeFiles/demo_tim.elf.dir/Core/Src/tim.c.obj
                                0xb0b (size before relaxing)
 .debug_str     0x00000ee5      0x53d CMakeFiles/demo_tim.elf.dir/Core/Src/usart.c.obj
                                0xb39 (size before relaxing)
 .debug_str     0x00001422       0x5c CMakeFiles/demo_tim.elf.dir/Core/Startup/startup_stm32l476rgtx.s.obj
                                 0x97 (size before relaxing)
 .debug_str     0x0000147e      0xa15 CMakeFiles/demo_tim.elf.dir/Drivers/STM32L4xx_HAL_Driver/Src/stm32l4xx_hal.c.obj
                                0xd98 (size before relaxing)
 .debug_str     0x00001e93      0x4c8 CMakeFiles/demo_tim.elf.dir/Drivers/STM32L4xx_HAL_Driver/Src/stm32l4xx_hal_cortex.c.obj
                                0xc5e (size before relaxing)
 .debug_str     0x0000235b      0x145 CMakeFiles/demo_tim.elf.dir/Drivers/STM32L4xx_HAL_Driver/Src/stm32l4xx_hal_gpio.c.obj
                                0x57e (size before relaxing)
 .debug_str     0x000024a0      0x59b CMakeFiles/demo_tim.elf.dir/Drivers/STM32L4xx_HAL_Driver/Src/stm32l4xx_hal_pwr_ex.c.obj
                                0x88d (size before relaxing)
 .debug_str     0x00002a3b      0x1fc CMakeFiles/demo_tim.elf.dir/Drivers/STM32L4xx_HAL_Driver/Src/stm32l4xx_hal_rcc.c.obj
                                0x8da (size before relaxing)
 .debug_str     0x00002c37      0x31d CMakeFiles/demo_tim.elf.dir/Drivers/STM32L4xx_HAL_Driver/Src/stm32l4xx_hal_rcc_ex.c.obj
                                0xaf9 (size before relaxing)
 .debug_str     0x00002f54      0xe71 CMakeFiles/demo_tim.elf.dir/Drivers/STM32L4xx_HAL_Driver/Src/stm32l4xx_hal_tim.c.obj
                               0x1721 (size before relaxing)
 .debug_str     0x00003dc5      0x63f CMakeFiles/demo_tim.elf.dir/Drivers/STM32L4xx_HAL_Driver/Src/stm32l4xx_hal_tim_ex.c.obj
                               0x101a (size before relaxing)
 .debug_str     0x00004404      0x7ff CMakeFiles/demo_tim.elf.dir/Drivers/STM32L4xx_HAL_Driver/Src/stm32l4xx_hal_uart.c.obj
                               0x1052 (size before relaxing)

.comment        0x00000000       0x49
 .comment       0x00000000       0x49 CMakeFiles/demo_tim.elf.dir/Core/Src/gpio.c.obj
                                 0x4a (size before relaxing)
 .comment       0x00000049       0x4a CMakeFiles/demo_tim.elf.dir/Core/Src/main.c.obj
 .comment       0x00000049       0x4a CMakeFiles/demo_tim.elf.dir/Core/Src/stm32l4xx_hal_msp.c.obj
 .comment       0x00000049       0x4a CMakeFiles/demo_tim.elf.dir/Core/Src/stm32l4xx_it.c.obj
 .comment       0x00000049       0x4a CMakeFiles/demo_tim.elf.dir/Core/Src/system_stm32l4xx.c.obj
 .comment       0x00000049       0x4a CMakeFiles/demo_tim.elf.dir/Core/Src/tim.c.obj
 .comment       0x00000049       0x4a CMakeFiles/demo_tim.elf.dir/Core/Src/usart.c.obj
 .comment       0x00000049       0x4a CMakeFiles/demo_tim.elf.dir/Drivers/STM32L4xx_HAL_Driver/Src/stm32l4xx_hal.c.obj
 .comment       0x00000049       0x4a CMakeFiles/demo_tim.elf.dir/Drivers/STM32L4xx_HAL_Driver/Src/stm32l4xx_hal_cortex.c.obj
 .comment       0x00000049       0x4a CMakeFiles/demo_tim.elf.dir/Drivers/STM32L4xx_HAL_Driver/Src/stm32l4xx_hal_gpio.c.obj
 .comment       0x00000049       0x4a CMakeFiles/demo_tim.elf.dir/Drivers/STM32L4xx_HAL_Driver/Src/stm32l4xx_hal_pwr_ex.c.obj
 .comment       0x00000049       0x4a CMakeFiles/demo_tim.elf.dir/Drivers/STM32L4xx_HAL_Driver/Src/stm32l4xx_hal_rcc.c.obj
 .comment       0x00000049       0x4a CMakeFiles/demo_tim.elf.dir/Drivers/STM32L4xx_HAL_Driver/Src/stm32l4xx_hal_rcc_ex.c.obj
 .comment       0x00000049       0x4a CMakeFiles/demo_tim.elf.dir/Drivers/STM32L4xx_HAL_Driver/Src/stm32l4xx_hal_tim.c.obj
 .comment       0x00000049       0x4a CMakeFiles/demo_tim.elf.dir/Drivers/STM32L4xx_HAL_Driver/Src/stm32l4xx_hal_tim_ex.c.obj
 .comment       0x00000049       0x4a CMakeFiles/demo_tim.elf.dir/Drivers/STM32L4xx_HAL_Driver/Src/stm32l4xx_hal_uart.c.obj

.debug_frame    0x00000000     0x2550
 .debug_frame   0x00000000       0x30 CMakeFiles/demo_tim.elf.dir/Core/Src/gpio.c.obj
 .debug_frame   0x00000030       0x58 CMakeFiles/demo_tim.elf.dir/Core/Src/main.c.obj
 .debug_frame   0x00000088       0x28 CMakeFiles/demo_tim.elf.dir/Core/Src/stm32l4xx_hal_msp.c.obj
 .debug_frame   0x000000b0       0xa8 CMakeFiles/demo_tim.elf.dir/Core/Src/stm32l4xx_it.c.obj
 .debug_frame   0x00000158       0x30 CMakeFiles/demo_tim.elf.dir/Core/Src/system_stm32l4xx.c.obj
 .debug_frame   0x00000188       0x78 CMakeFiles/demo_tim.elf.dir/Core/Src/tim.c.obj
 .debug_frame   0x00000200       0x64 CMakeFiles/demo_tim.elf.dir/Core/Src/usart.c.obj
 .debug_frame   0x00000264      0x274 CMakeFiles/demo_tim.elf.dir/Drivers/STM32L4xx_HAL_Driver/Src/stm32l4xx_hal.c.obj
 .debug_frame   0x000004d8      0x148 CMakeFiles/demo_tim.elf.dir/Drivers/STM32L4xx_HAL_Driver/Src/stm32l4xx_hal_cortex.c.obj
 .debug_frame   0x00000620       0xd0 CMakeFiles/demo_tim.elf.dir/Drivers/STM32L4xx_HAL_Driver/Src/stm32l4xx_hal_gpio.c.obj
 .debug_frame   0x000006f0      0x2b8 CMakeFiles/demo_tim.elf.dir/Drivers/STM32L4xx_HAL_Driver/Src/stm32l4xx_hal_pwr_ex.c.obj
 .debug_frame   0x000009a8      0x19c CMakeFiles/demo_tim.elf.dir/Drivers/STM32L4xx_HAL_Driver/Src/stm32l4xx_hal_rcc.c.obj
 .debug_frame   0x00000b44      0x204 CMakeFiles/demo_tim.elf.dir/Drivers/STM32L4xx_HAL_Driver/Src/stm32l4xx_hal_rcc_ex.c.obj
 .debug_frame   0x00000d48      0xb4c CMakeFiles/demo_tim.elf.dir/Drivers/STM32L4xx_HAL_Driver/Src/stm32l4xx_hal_tim.c.obj
 .debug_frame   0x00001894      0x470 CMakeFiles/demo_tim.elf.dir/Drivers/STM32L4xx_HAL_Driver/Src/stm32l4xx_hal_tim_ex.c.obj
 .debug_frame   0x00001d04      0x600 CMakeFiles/demo_tim.elf.dir/Drivers/STM32L4xx_HAL_Driver/Src/stm32l4xx_hal_uart.c.obj
 .debug_frame   0x00002304       0x2c c:/progra~1/gcc-arm-none-eabi-10.3-2021.10/bin/../lib/gcc/arm-none-eabi/10.3.1/thumb/v7e-m/nofp\libgcc.a(_aeabi_uldivmod.o)
 .debug_frame   0x00002330       0x34 c:/progra~1/gcc-arm-none-eabi-10.3-2021.10/bin/../lib/gcc/arm-none-eabi/10.3.1/thumb/v7e-m/nofp\libgcc.a(_udivmoddi4.o)
 .debug_frame   0x00002364       0x2c c:/progra~1/gcc-arm-none-eabi-10.3-2021.10/bin/../lib/gcc/arm-none-eabi/10.3.1/../../../../arm-none-eabi/lib/thumb/v7e-m/nofp\libg.a(lib_a-init.o)
 .debug_frame   0x00002390       0x2c c:/progra~1/gcc-arm-none-eabi-10.3-2021.10/bin/../lib/gcc/arm-none-eabi/10.3.1/../../../../arm-none-eabi/lib/thumb/v7e-m/nofp\libg.a(lib_a-memset.o)
 .debug_frame   0x000023bc       0x5c c:/progra~1/gcc-arm-none-eabi-10.3-2021.10/bin/../lib/gcc/arm-none-eabi/10.3.1/../../../../arm-none-eabi/lib/thumb/v7e-m/nofp\libg.a(lib_a-__call_atexit.o)
 .debug_frame   0x00002418       0x20 c:/progra~1/gcc-arm-none-eabi-10.3-2021.10/bin/../lib/gcc/arm-none-eabi/10.3.1/../../../../arm-none-eabi/lib/thumb/v7e-m/nofp\libg.a(lib_a-atexit.o)
 .debug_frame   0x00002438       0x34 c:/progra~1/gcc-arm-none-eabi-10.3-2021.10/bin/../lib/gcc/arm-none-eabi/10.3.1/../../../../arm-none-eabi/lib/thumb/v7e-m/nofp\libg.a(lib_a-fini.o)
 .debug_frame   0x0000246c       0xb0 c:/progra~1/gcc-arm-none-eabi-10.3-2021.10/bin/../lib/gcc/arm-none-eabi/10.3.1/../../../../arm-none-eabi/lib/thumb/v7e-m/nofp\libg.a(lib_a-lock.o)
 .debug_frame   0x0000251c       0x34 c:/progra~1/gcc-arm-none-eabi-10.3-2021.10/bin/../lib/gcc/arm-none-eabi/10.3.1/../../../../arm-none-eabi/lib/thumb/v7e-m/nofp\libg.a(lib_a-__atexit.o)

.debug_loc      0x00000000    0x102e3
 .debug_loc     0x00000000       0x23 CMakeFiles/demo_tim.elf.dir/Core/Src/main.c.obj
 .debug_loc     0x00000023      0x127 CMakeFiles/demo_tim.elf.dir/Core/Src/system_stm32l4xx.c.obj
 .debug_loc     0x0000014a       0x42 CMakeFiles/demo_tim.elf.dir/Core/Src/tim.c.obj
 .debug_loc     0x0000018c       0x64 CMakeFiles/demo_tim.elf.dir/Core/Src/usart.c.obj
 .debug_loc     0x000001f0      0x1ef CMakeFiles/demo_tim.elf.dir/Drivers/STM32L4xx_HAL_Driver/Src/stm32l4xx_hal.c.obj
 .debug_loc     0x000003df      0x744 CMakeFiles/demo_tim.elf.dir/Drivers/STM32L4xx_HAL_Driver/Src/stm32l4xx_hal_cortex.c.obj
 .debug_loc     0x00000b23      0x3da CMakeFiles/demo_tim.elf.dir/Drivers/STM32L4xx_HAL_Driver/Src/stm32l4xx_hal_gpio.c.obj
 .debug_loc     0x00000efd      0xb06 CMakeFiles/demo_tim.elf.dir/Drivers/STM32L4xx_HAL_Driver/Src/stm32l4xx_hal_pwr_ex.c.obj
 .debug_loc     0x00001a03      0x81c CMakeFiles/demo_tim.elf.dir/Drivers/STM32L4xx_HAL_Driver/Src/stm32l4xx_hal_rcc.c.obj
 .debug_loc     0x0000221f     0x1af9 CMakeFiles/demo_tim.elf.dir/Drivers/STM32L4xx_HAL_Driver/Src/stm32l4xx_hal_rcc_ex.c.obj
 .debug_loc     0x00003d18     0x55d7 CMakeFiles/demo_tim.elf.dir/Drivers/STM32L4xx_HAL_Driver/Src/stm32l4xx_hal_tim.c.obj
 .debug_loc     0x000092ef     0x241c CMakeFiles/demo_tim.elf.dir/Drivers/STM32L4xx_HAL_Driver/Src/stm32l4xx_hal_tim_ex.c.obj
 .debug_loc     0x0000b70b     0x4bd8 CMakeFiles/demo_tim.elf.dir/Drivers/STM32L4xx_HAL_Driver/Src/stm32l4xx_hal_uart.c.obj
