Archive member included to satisfy reference by file (symbol)

c:/progra~1/gcc-arm-none-eabi-10.3-2021.10/bin/../lib/gcc/arm-none-eabi/10.3.1/thumb/v7e-m/nofp\libgcc.a(_aeabi_uldivmod.o)
                              CMakeFiles/demo_tim.elf.dir/Drivers/STM32L4xx_HAL_Driver/Src/stm32l4xx_hal_uart.c.obj (__aeabi_uldivmod)
c:/progra~1/gcc-arm-none-eabi-10.3-2021.10/bin/../lib/gcc/arm-none-eabi/10.3.1/thumb/v7e-m/nofp\libgcc.a(_udivmoddi4.o)
                              c:/progra~1/gcc-arm-none-eabi-10.3-2021.10/bin/../lib/gcc/arm-none-eabi/10.3.1/thumb/v7e-m/nofp\libgcc.a(_aeabi_uldivmod.o) (__udivmoddi4)
c:/progra~1/gcc-arm-none-eabi-10.3-2021.10/bin/../lib/gcc/arm-none-eabi/10.3.1/thumb/v7e-m/nofp\libgcc.a(_dvmd_tls.o)
                              c:/progra~1/gcc-arm-none-eabi-10.3-2021.10/bin/../lib/gcc/arm-none-eabi/10.3.1/thumb/v7e-m/nofp\libgcc.a(_aeabi_uldivmod.o) (__aeabi_ldiv0)
c:/progra~1/gcc-arm-none-eabi-10.3-2021.10/bin/../lib/gcc/arm-none-eabi/10.3.1/../../../../arm-none-eabi/lib/thumb/v7e-m/nofp\libg.a(lib_a-errno.o)
                              CMakeFiles/demo_tim.elf.dir/Core/Src/syscalls.c.obj (__errno)
c:/progra~1/gcc-arm-none-eabi-10.3-2021.10/bin/../lib/gcc/arm-none-eabi/10.3.1/../../../../arm-none-eabi/lib/thumb/v7e-m/nofp\libg.a(lib_a-exit.o)
                              c:/progra~1/gcc-arm-none-eabi-10.3-2021.10/bin/../lib/gcc/arm-none-eabi/10.3.1/../../../../arm-none-eabi/lib/thumb/v7e-m/nofp/crt0.o (exit)
c:/progra~1/gcc-arm-none-eabi-10.3-2021.10/bin/../lib/gcc/arm-none-eabi/10.3.1/../../../../arm-none-eabi/lib/thumb/v7e-m/nofp\libg.a(lib_a-impure.o)
                              c:/progra~1/gcc-arm-none-eabi-10.3-2021.10/bin/../lib/gcc/arm-none-eabi/10.3.1/../../../../arm-none-eabi/lib/thumb/v7e-m/nofp\libg.a(lib_a-exit.o) (_global_impure_ptr)
c:/progra~1/gcc-arm-none-eabi-10.3-2021.10/bin/../lib/gcc/arm-none-eabi/10.3.1/../../../../arm-none-eabi/lib/thumb/v7e-m/nofp\libg.a(lib_a-init.o)
                              c:/progra~1/gcc-arm-none-eabi-10.3-2021.10/bin/../lib/gcc/arm-none-eabi/10.3.1/../../../../arm-none-eabi/lib/thumb/v7e-m/nofp/crt0.o (__libc_init_array)
c:/progra~1/gcc-arm-none-eabi-10.3-2021.10/bin/../lib/gcc/arm-none-eabi/10.3.1/../../../../arm-none-eabi/lib/thumb/v7e-m/nofp\libg.a(lib_a-memset.o)
                              c:/progra~1/gcc-arm-none-eabi-10.3-2021.10/bin/../lib/gcc/arm-none-eabi/10.3.1/../../../../arm-none-eabi/lib/thumb/v7e-m/nofp/crt0.o (memset)
c:/progra~1/gcc-arm-none-eabi-10.3-2021.10/bin/../lib/gcc/arm-none-eabi/10.3.1/../../../../arm-none-eabi/lib/thumb/v7e-m/nofp\libg.a(lib_a-__call_atexit.o)
                              c:/progra~1/gcc-arm-none-eabi-10.3-2021.10/bin/../lib/gcc/arm-none-eabi/10.3.1/../../../../arm-none-eabi/lib/thumb/v7e-m/nofp\libg.a(lib_a-exit.o) (__call_exitprocs)
c:/progra~1/gcc-arm-none-eabi-10.3-2021.10/bin/../lib/gcc/arm-none-eabi/10.3.1/../../../../arm-none-eabi/lib/thumb/v7e-m/nofp\libg.a(lib_a-atexit.o)
                              c:/progra~1/gcc-arm-none-eabi-10.3-2021.10/bin/../lib/gcc/arm-none-eabi/10.3.1/../../../../arm-none-eabi/lib/thumb/v7e-m/nofp\libg.a(lib_a-__call_atexit.o) (atexit)
c:/progra~1/gcc-arm-none-eabi-10.3-2021.10/bin/../lib/gcc/arm-none-eabi/10.3.1/../../../../arm-none-eabi/lib/thumb/v7e-m/nofp\libg.a(lib_a-fini.o)
                              c:/progra~1/gcc-arm-none-eabi-10.3-2021.10/bin/../lib/gcc/arm-none-eabi/10.3.1/../../../../arm-none-eabi/lib/thumb/v7e-m/nofp\libg.a(lib_a-__call_atexit.o) (__libc_fini_array)
c:/progra~1/gcc-arm-none-eabi-10.3-2021.10/bin/../lib/gcc/arm-none-eabi/10.3.1/../../../../arm-none-eabi/lib/thumb/v7e-m/nofp\libg.a(lib_a-lock.o)
                              c:/progra~1/gcc-arm-none-eabi-10.3-2021.10/bin/../lib/gcc/arm-none-eabi/10.3.1/../../../../arm-none-eabi/lib/thumb/v7e-m/nofp\libg.a(lib_a-__call_atexit.o) (__retarget_lock_acquire_recursive)
c:/progra~1/gcc-arm-none-eabi-10.3-2021.10/bin/../lib/gcc/arm-none-eabi/10.3.1/../../../../arm-none-eabi/lib/thumb/v7e-m/nofp\libg.a(lib_a-__atexit.o)
                              c:/progra~1/gcc-arm-none-eabi-10.3-2021.10/bin/../lib/gcc/arm-none-eabi/10.3.1/../../../../arm-none-eabi/lib/thumb/v7e-m/nofp\libg.a(lib_a-atexit.o) (__register_exitproc)

Discarded input sections

 .text          0x00000000        0x0 c:/progra~1/gcc-arm-none-eabi-10.3-2021.10/bin/../lib/gcc/arm-none-eabi/10.3.1/thumb/v7e-m/nofp/crti.o
 .data          0x00000000        0x0 c:/progra~1/gcc-arm-none-eabi-10.3-2021.10/bin/../lib/gcc/arm-none-eabi/10.3.1/thumb/v7e-m/nofp/crti.o
 .bss           0x00000000        0x0 c:/progra~1/gcc-arm-none-eabi-10.3-2021.10/bin/../lib/gcc/arm-none-eabi/10.3.1/thumb/v7e-m/nofp/crti.o
 .data          0x00000000        0x4 c:/progra~1/gcc-arm-none-eabi-10.3-2021.10/bin/../lib/gcc/arm-none-eabi/10.3.1/thumb/v7e-m/nofp/crtbegin.o
 .rodata        0x00000000       0x24 c:/progra~1/gcc-arm-none-eabi-10.3-2021.10/bin/../lib/gcc/arm-none-eabi/10.3.1/thumb/v7e-m/nofp/crtbegin.o
[...]
Memory Configuration

Name             Origin             Length             Attributes
RAM              0x20000000         0x00018000         xrw
RAM2             0x10000000         0x00008000         xrw
FLASH            0x08000000         0x00100000         xr
*default*        0x00000000         0xffffffff

Linker script and memory map

LOAD c:/progra~1/gcc-arm-none-eabi-10.3-2021.10/bin/../lib/gcc/arm-none-eabi/10.3.1/thumb/v7e-m/nofp/crti.o
LOAD c:/progra~1/gcc-arm-none-eabi-10.3-2021.10/bin/../lib/gcc/arm-none-eabi/10.3.1/thumb/v7e-m/nofp/crtbegin.o
LOAD c:/progra~1/gcc-arm-none-eabi-10.3-2021.10/bin/../lib/gcc/arm-none-eabi/10.3.1/../../../../arm-none-eabi/lib/thumb/v7e-m/nofp/crt0.o
LOAD CMakeFiles/demo_tim.elf.dir/Core/Src/gpio.c.obj
LOAD CMakeFiles/demo_tim.elf.dir/Core/Src/main.c.obj
LOAD CMakeFiles/demo_tim.elf.dir/Core/Src/stm32l4xx_hal_msp.c.obj
LOAD CMakeFiles/demo_tim.elf.dir/Core/Src/stm32l4xx_it.c.obj
LOAD CMakeFiles/demo_tim.elf.dir/Core/Src/syscalls.c.obj
LOAD CMakeFiles/demo_tim.elf.dir/Core/Src/sysmem.c.obj
LOAD CMakeFiles/demo_tim.elf.dir/Core/Src/system_stm32l4xx.c.obj
LOAD CMakeFiles/demo_tim.elf.dir/Core/Src/tim.c.obj
LOAD CMakeFiles/demo_tim.elf.dir/Core/Src/usart.c.obj
LOAD CMakeFiles/demo_tim.elf.dir/Core/Startup/startup_stm32l476rgtx.s.obj
LOAD CMakeFiles/demo_tim.elf.dir/Drivers/STM32L4xx_HAL_Driver/Src/stm32l4xx_hal.c.obj
LOAD CMakeFiles/demo_tim.elf.dir/Drivers/STM32L4xx_HAL_Driver/Src/stm32l4xx_hal_cortex.c.obj
LOAD CMakeFiles/demo_tim.elf.dir/Drivers/STM32L4xx_HAL_Driver/Src/stm32l4xx_hal_dma.c.obj
LOAD CMakeFiles/demo_tim.elf.dir/Drivers/STM32L4xx_HAL_Driver/Src/stm32l4xx_hal_dma_ex.c.obj
LOAD CMakeFiles/demo_tim.elf.dir/Drivers/STM32L4xx_HAL_Driver/Src/stm32l4xx_hal_exti.c.obj
LOAD CMakeFiles/demo_tim.elf.dir/Drivers/STM32L4xx_HAL_Driver/Src/stm32l4xx_hal_flash.c.obj
LOAD CMakeFiles/demo_tim.elf.dir/Drivers/STM32L4xx_HAL_Driver/Src/stm32l4xx_hal_flash_ex.c.obj
LOAD CMakeFiles/demo_tim.elf.dir/Drivers/STM32L4xx_HAL_Driver/Src/stm32l4xx_hal_flash_ramfunc.c.obj
LOAD CMakeFiles/demo_tim.elf.dir/Drivers/STM32L4xx_HAL_Driver/Src/stm32l4xx_hal_gpio.c.obj
LOAD CMakeFiles/demo_tim.elf.dir/Drivers/STM32L4xx_HAL_Driver/Src/stm32l4xx_hal_pwr.c.obj
LOAD CMakeFiles/demo_tim.elf.dir/Drivers/STM32L4xx_HAL_Driver/Src/stm32l4xx_hal_pwr_ex.c.obj
LOAD CMakeFiles/demo_tim.elf.dir/Drivers/STM32L4xx_HAL_Driver/Src/stm32l4xx_hal_rcc.c.obj
LOAD CMakeFiles/demo_tim.elf.dir/Drivers/STM32L4xx_HAL_Driver/Src/stm32l4xx_hal_rcc_ex.c.obj
LOAD CMakeFiles/demo_tim.elf.dir/Drivers/STM32L4xx_HAL_Driver/Src/stm32l4xx_hal_tim.c.obj
LOAD CMakeFiles/demo_tim.elf.dir/Drivers/STM32L4xx_HAL_Driver/Src/stm32l4xx_hal_tim_ex.c.obj
LOAD CMakeFiles/demo_tim.elf.dir/Drivers/STM32L4xx_HAL_Driver/Src/stm32l4xx_hal_uart.c.obj
LOAD CMakeFiles/demo_tim.elf.dir/Drivers/STM32L4xx_HAL_Driver/Src/stm32l4xx_hal_uart_ex.c.obj
START GROUP
LOAD c:/progra~1/gcc-arm-none-eabi-10.3-2021.10/bin/../lib/gcc/arm-none-eabi/10.3.1/thumb/v7e-m/nofp\libgcc.a
LOAD c:/progra~1/gcc-arm-none-eabi-10.3-2021.10/bin/../lib/gcc/arm-none-eabi/10.3.1/../../../../arm-none-eabi/lib/thumb/v7e-m/nofp\libg.a
LOAD c:/progra~1/gcc-arm-none-eabi-10.3-2021.10/bin/../lib/gcc/arm-none-eabi/10.3.1/../../../../arm-none-eabi/lib/thumb/v7e-m/nofp\libc.a
END GROUP
LOAD c:/progra~1/gcc-arm-none-eabi-10.3-2021.10/bin/../lib/gcc/arm-none-eabi/10.3.1/thumb/v7e-m/nofp/crtend.o
LOAD c:/progra~1/gcc-arm-none-eabi-10.3-2021.10/bin/../lib/gcc/arm-none-eabi/10.3.1/thumb/v7e-m/nofp/crtn.o
                0x20018000                _estack = (ORIGIN (RAM) + LENGTH (RAM))
                0x00000200                _Min_Heap_Size = 0x200
                0x00000400                _Min_Stack_Size = 0x400

.isr_vector     0x08000000      0x188
                0x08000000                . = ALIGN (0x4)
 *(.isr_vector)
 .isr_vector    0x08000000      0x188 CMakeFiles/demo_tim.elf.dir/Core/Startup/startup_stm32l476rgtx.s.obj
                0x08000000                g_pfnVectors
                0x08000188                . = ALIGN (0x4)

.text           0x08000188     0x26f8
                0x08000188                . = ALIGN (0x4)
 *(.text)
 .text          0x08000188       0x40 c:/progra~1/gcc-arm-none-eabi-10.3-2021.10/bin/../lib/gcc/arm-none-eabi/10.3.1/thumb/v7e-m/nofp/crtbegin.o
 .text          0x080001c8       0x30 c:/progra~1/gcc-arm-none-eabi-10.3-2021.10/bin/../lib/gcc/arm-none-eabi/10.3.1/thumb/v7e-m/nofp\libgcc.a(_aeabi_uldivmod.o)
                0x080001c8                __aeabi_uldivmod
 .text          0x080001f8      0x2d0 c:/progra~1/gcc-arm-none-eabi-10.3-2021.10/bin/../lib/gcc/arm-none-eabi/10.3.1/thumb/v7e-m/nofp\libgcc.a(_udivmoddi4.o)
                0x080001f8                __udivmoddi4
 .text          0x080004c8        0x4 c:/progra~1/gcc-arm-none-eabi-10.3-2021.10/bin/../lib/gcc/arm-none-eabi/10.3.1/thumb/v7e-m/nofp\libgcc.a(_dvmd_tls.o)
                0x080004c8                __aeabi_idiv0
                0x080004c8                __aeabi_ldiv0
 *(.text*)
 .text.MX_GPIO_Init
                0x080004cc       0xa0 CMakeFiles/demo_tim.elf.dir/Core/Src/gpio.c.obj
                0x080004cc                MX_GPIO_Init
 .text.Error_Handler
                0x0800056c        0x4 CMakeFiles/demo_tim.elf.dir/Core/Src/main.c.obj
                0x0800056c                Error_Handler
 .text.SystemClock_Config
                0x08000570       0x7a CMakeFiles/demo_tim.elf.dir/Core/Src/main.c.obj
                0x08000570                SystemClock_Config
 *fill*         0x080005ea        0x2 
 .text.main     0x080005ec       0x24 CMakeFiles/demo_tim.elf.dir/Core/Src/main.c.obj
                0x080005ec                main
 .text.HAL_MspInit
                0x08000610       0x30 CMakeFiles/demo_tim.elf.dir/Core/Src/stm32l4xx_hal_msp.c.obj
                0x08000610                HAL_MspInit
 .text.NMI_Handler
                0x08000640        0x2 CMakeFiles/demo_tim.elf.dir/Core/Src/stm32l4xx_it.c.obj
                0x08000640                NMI_Handler
 .text.HardFault_Handler
                0x08000642        0x2 CMakeFiles/demo_tim.elf.dir/Core/Src/stm32l4xx_it.c.obj
                0x08000642                HardFault_Handler
 .text.MemManage_Handler
                0x08000644        0x2 CMakeFiles/demo_tim.elf.dir/Core/Src/stm32l4xx_it.c.obj
                0x08000644                MemManage_Handler
 .text.BusFault_Handler
                0x08000646        0x2 CMakeFiles/demo_tim.elf.dir/Core/Src/stm32l4xx_it.c.obj
                0x08000646                BusFault_Handler
 .text.UsageFault_Handler
                0x08000648        0x2 CMakeFiles/demo_tim.elf.dir/Core/Src/stm32l4xx_it.c.obj
                0x08000648                UsageFault_Handler
 .text.SVC_Handler
                0x0800064a        0x2 CMakeFiles/demo_tim.elf.dir/Core/Src/stm32l4xx_it.c.obj
                0x0800064a                SVC_Handler
 .text.DebugMon_Handler
                0x0800064c        0x2 CMakeFiles/demo_tim.elf.dir/Core/Src/stm32l4xx_it.c.obj
                0x0800064c                DebugMon_Handler
 .text.PendSV_Handler
                0x0800064e        0x2 CMakeFiles/demo_tim.elf.dir/Core/Src/stm32l4xx_it.c.obj
                0x0800064e                PendSV_Handler
 .text.SysTick_Handler
                0x08000650        0x8 CMakeFiles/demo_tim.elf.dir/Core/Src/stm32l4xx_it.c.obj
                0x08000650                SysTick_Handler
 .text.TIM6_DAC_IRQHandler
                0x08000658       0x10 CMakeFiles/demo_tim.elf.dir/Core/Src/stm32l4xx_it.c.obj
                0x08000658                TIM6_DAC_IRQHandler
 .text.SystemInit
                0x08000668        0x2 CMakeFiles/demo_tim.elf.dir/Core/Src/system_stm32l4xx.c.obj
                0x08000668                SystemInit
 *fill*         0x0800066a        0x2 
 .text.MX_TIM6_Init
                0x0800066c       0x58 CMakeFiles/demo_tim.elf.dir/Core/Src/tim.c.obj
                0x0800066c                MX_TIM6_Init
 .text.HAL_TIM_Base_MspInit
                0x080006c4       0x40 CMakeFiles/demo_tim.elf.dir/Core/Src/tim.c.obj
                0x080006c4                HAL_TIM_Base_MspInit
 .text.HAL_TIM_PeriodElapsedCallback
                0x08000704       0x1c CMakeFiles/demo_tim.elf.dir/Core/Src/tim.c.obj
                0x08000704                HAL_TIM_PeriodElapsedCallback
 .text.MX_USART2_UART_Init
                0x08000720       0x38 CMakeFiles/demo_tim.elf.dir/Core/Src/usart.c.obj
                0x08000720                MX_USART2_UART_Init
 .text.HAL_UART_MspInit
                0x08000758       0x88 CMakeFiles/demo_tim.elf.dir/Core/Src/usart.c.obj
                0x08000758                HAL_UART_MspInit
 .text.Reset_Handler
                0x080007e0       0x50 CMakeFiles/demo_tim.elf.dir/Core/Startup/startup_stm32l476rgtx.s.obj
                0x080007e0                Reset_Handler
 .text.Default_Handler
                0x08000830        0x2 CMakeFiles/demo_tim.elf.dir/Core/Startup/startup_stm32l476rgtx.s.obj
                0x08000830                RTC_Alarm_IRQHandler
                0x08000830                EXTI2_IRQHandler
                0x08000830                TIM8_TRG_COM_IRQHandler
                0x08000830                TIM8_CC_IRQHandler
                0x08000830                TIM1_CC_IRQHandler
                0x08000830                TSC_IRQHandler
                0x08000830                TAMP_STAMP_IRQHandler
                0x08000830                EXTI3_IRQHandler
                0x08000830                LPTIM2_IRQHandler
                0x08000830                DFSDM1_FLT1_IRQHandler
                0x08000830                I2C3_ER_IRQHandler
                0x08000830                DFSDM1_FLT2_IRQHandler
                0x08000830                EXTI0_IRQHandler
                0x08000830                I2C2_EV_IRQHandler
                0x08000830                CAN1_RX0_IRQHandler
                0x08000830                FPU_IRQHandler
                0x08000830                TIM1_UP_TIM16_IRQHandler
                0x08000830                ADC1_2_IRQHandler
                0x08000830                SPI1_IRQHandler
                0x08000830                TIM8_UP_IRQHandler
                0x08000830                DMA2_Channel2_IRQHandler
                0x08000830                DMA1_Channel4_IRQHandler
                0x08000830                SAI2_IRQHandler
                0x08000830                DFSDM1_FLT3_IRQHandler
                0x08000830                USART3_IRQHandler
                0x08000830                DMA1_Channel7_IRQHandler
                0x08000830                CAN1_RX1_IRQHandler
                0x08000830                LCD_IRQHandler
                0x08000830                UART5_IRQHandler
                0x08000830                ADC3_IRQHandler
                0x08000830                TIM4_IRQHandler
                0x08000830                DMA2_Channel1_IRQHandler
                0x08000830                QUADSPI_IRQHandler
                0x08000830                I2C1_EV_IRQHandler
                0x08000830                DMA1_Channel6_IRQHandler
                0x08000830                UART4_IRQHandler
                0x08000830                DMA2_Channel4_IRQHandler
                0x08000830                TIM3_IRQHandler
                0x08000830                RCC_IRQHandler
                0x08000830                DMA1_Channel1_IRQHandler
                0x08000830                Default_Handler
                0x08000830                DMA2_Channel7_IRQHandler
                0x08000830                EXTI15_10_IRQHandler
                0x08000830                TIM7_IRQHandler
                0x08000830                SDMMC1_IRQHandler
                0x08000830                TIM5_IRQHandler
                0x08000830                I2C3_EV_IRQHandler
                0x08000830                EXTI9_5_IRQHandler
                0x08000830                RTC_WKUP_IRQHandler
                0x08000830                PVD_PVM_IRQHandler
                0x08000830                SPI2_IRQHandler
                0x08000830                CAN1_TX_IRQHandler
                0x08000830                DMA2_Channel5_IRQHandler
                0x08000830                DMA1_Channel5_IRQHandler
                0x08000830                EXTI4_IRQHandler
                0x08000830                RNG_IRQHandler
                0x08000830                TIM1_TRG_COM_TIM17_IRQHandler
                0x08000830                DMA1_Channel3_IRQHandler
                0x08000830                COMP_IRQHandler
                0x08000830                WWDG_IRQHandler
                0x08000830                LPUART1_IRQHandler
                0x08000830                DMA2_Channel6_IRQHandler
                0x08000830                TIM2_IRQHandler
                0x08000830                EXTI1_IRQHandler
                0x08000830                USART2_IRQHandler
                0x08000830                DFSDM1_FLT0_IRQHandler
                0x08000830                I2C2_ER_IRQHandler
                0x08000830                DMA1_Channel2_IRQHandler
                0x08000830                TIM8_BRK_IRQHandler
                0x08000830                CAN1_SCE_IRQHandler
                0x08000830                FLASH_IRQHandler
                0x08000830                USART1_IRQHandler
                0x08000830                OTG_FS_IRQHandler
                0x08000830                SPI3_IRQHandler
                0x08000830                I2C1_ER_IRQHandler
                0x08000830                FMC_IRQHandler
                0x08000830                SWPMI1_IRQHandler
                0x08000830                LPTIM1_IRQHandler
                0x08000830                SAI1_IRQHandler
                0x08000830                DMA2_Channel3_IRQHandler
                0x08000830                TIM1_BRK_TIM15_IRQHandler
 *fill*         0x08000832        0x2 
 .text.HAL_InitTick
                0x08000834       0x50 CMakeFiles/demo_tim.elf.dir/Drivers/STM32L4xx_HAL_Driver/Src/stm32l4xx_hal.c.obj
                0x08000834                HAL_InitTick
 .text.HAL_Init
                0x08000884       0x2c CMakeFiles/demo_tim.elf.dir/Drivers/STM32L4xx_HAL_Driver/Src/stm32l4xx_hal.c.obj
                0x08000884                HAL_Init
 .text.HAL_IncTick
                0x080008b0       0x18 CMakeFiles/demo_tim.elf.dir/Drivers/STM32L4xx_HAL_Driver/Src/stm32l4xx_hal.c.obj
                0x080008b0                HAL_IncTick
 .text.HAL_GetTick
                0x080008c8        0xc CMakeFiles/demo_tim.elf.dir/Drivers/STM32L4xx_HAL_Driver/Src/stm32l4xx_hal.c.obj
                0x080008c8                HAL_GetTick
 .text.HAL_NVIC_SetPriorityGrouping
                0x080008d4       0x24 CMakeFiles/demo_tim.elf.dir/Drivers/STM32L4xx_HAL_Driver/Src/stm32l4xx_hal_cortex.c.obj
                0x080008d4                HAL_NVIC_SetPriorityGrouping
 .text.HAL_NVIC_SetPriority
                0x080008f8       0x70 CMakeFiles/demo_tim.elf.dir/Drivers/STM32L4xx_HAL_Driver/Src/stm32l4xx_hal_cortex.c.obj
                0x080008f8                HAL_NVIC_SetPriority
 .text.HAL_NVIC_EnableIRQ
                0x08000968       0x1c CMakeFiles/demo_tim.elf.dir/Drivers/STM32L4xx_HAL_Driver/Src/stm32l4xx_hal_cortex.c.obj
                0x08000968                HAL_NVIC_EnableIRQ
 .text.HAL_SYSTICK_Config
                0x08000984       0x28 CMakeFiles/demo_tim.elf.dir/Drivers/STM32L4xx_HAL_Driver/Src/stm32l4xx_hal_cortex.c.obj
                0x08000984                HAL_SYSTICK_Config
 .text.HAL_GPIO_Init
                0x080009ac      0x20c CMakeFiles/demo_tim.elf.dir/Drivers/STM32L4xx_HAL_Driver/Src/stm32l4xx_hal_gpio.c.obj
                0x080009ac                HAL_GPIO_Init
 .text.HAL_GPIO_WritePin
                0x08000bb8        0xa CMakeFiles/demo_tim.elf.dir/Drivers/STM32L4xx_HAL_Driver/Src/stm32l4xx_hal_gpio.c.obj
                0x08000bb8                HAL_GPIO_WritePin
 .text.HAL_GPIO_TogglePin
                0x08000bc2       0x12 CMakeFiles/demo_tim.elf.dir/Drivers/STM32L4xx_HAL_Driver/Src/stm32l4xx_hal_gpio.c.obj
                0x08000bc2                HAL_GPIO_TogglePin
 .text.HAL_PWREx_GetVoltageRange
                0x08000bd4       0x10 CMakeFiles/demo_tim.elf.dir/Drivers/STM32L4xx_HAL_Driver/Src/stm32l4xx_hal_pwr_ex.c.obj
                0x08000bd4                HAL_PWREx_GetVoltageRange
 .text.HAL_PWREx_ControlVoltageScaling
                0x08000be4       0x90 CMakeFiles/demo_tim.elf.dir/Drivers/STM32L4xx_HAL_Driver/Src/stm32l4xx_hal_pwr_ex.c.obj
                0x08000be4                HAL_PWREx_ControlVoltageScaling
 .text.RCC_SetFlashLatencyFromMSIRange
                0x08000c74       0x90 CMakeFiles/demo_tim.elf.dir/Drivers/STM32L4xx_HAL_Driver/Src/stm32l4xx_hal_rcc.c.obj
 .text.HAL_RCC_GetSysClockFreq
                0x08000d04       0xb4 CMakeFiles/demo_tim.elf.dir/Drivers/STM32L4xx_HAL_Driver/Src/stm32l4xx_hal_rcc.c.obj
                0x08000d04                HAL_RCC_GetSysClockFreq
 .text.HAL_RCC_OscConfig
                0x08000db8      0x61c CMakeFiles/demo_tim.elf.dir/Drivers/STM32L4xx_HAL_Driver/Src/stm32l4xx_hal_rcc.c.obj
                0x08000db8                HAL_RCC_OscConfig
 .text.HAL_RCC_ClockConfig
                0x080013d4      0x188 CMakeFiles/demo_tim.elf.dir/Drivers/STM32L4xx_HAL_Driver/Src/stm32l4xx_hal_rcc.c.obj
                0x080013d4                HAL_RCC_ClockConfig
 .text.HAL_RCC_GetHCLKFreq
                0x0800155c        0xc CMakeFiles/demo_tim.elf.dir/Drivers/STM32L4xx_HAL_Driver/Src/stm32l4xx_hal_rcc.c.obj
                0x0800155c                HAL_RCC_GetHCLKFreq
 .text.HAL_RCC_GetPCLK1Freq
                0x08001568       0x24 CMakeFiles/demo_tim.elf.dir/Drivers/STM32L4xx_HAL_Driver/Src/stm32l4xx_hal_rcc.c.obj
                0x08001568                HAL_RCC_GetPCLK1Freq
 .text.HAL_RCC_GetPCLK2Freq
                0x0800158c       0x24 CMakeFiles/demo_tim.elf.dir/Drivers/STM32L4xx_HAL_Driver/Src/stm32l4xx_hal_rcc.c.obj
                0x0800158c                HAL_RCC_GetPCLK2Freq
 .text.RCCEx_PLLSAI1_Config
                0x080015b0      0x170 CMakeFiles/demo_tim.elf.dir/Drivers/STM32L4xx_HAL_Driver/Src/stm32l4xx_hal_rcc_ex.c.obj
 .text.RCCEx_PLLSAI2_Config
                0x08001720      0x14c CMakeFiles/demo_tim.elf.dir/Drivers/STM32L4xx_HAL_Driver/Src/stm32l4xx_hal_rcc_ex.c.obj
 .text.HAL_RCCEx_PeriphCLKConfig
                0x0800186c      0x454 CMakeFiles/demo_tim.elf.dir/Drivers/STM32L4xx_HAL_Driver/Src/stm32l4xx_hal_rcc_ex.c.obj
                0x0800186c                HAL_RCCEx_PeriphCLKConfig
 .text.HAL_TIM_Base_Start_IT
                0x08001cc0       0x8c CMakeFiles/demo_tim.elf.dir/Drivers/STM32L4xx_HAL_Driver/Src/stm32l4xx_hal_tim.c.obj
                0x08001cc0                HAL_TIM_Base_Start_IT
 .text.HAL_TIM_OC_DelayElapsedCallback
                0x08001d4c        0x2 CMakeFiles/demo_tim.elf.dir/Drivers/STM32L4xx_HAL_Driver/Src/stm32l4xx_hal_tim.c.obj
                0x08001d4c                HAL_TIM_OC_DelayElapsedCallback
 .text.HAL_TIM_IC_CaptureCallback
                0x08001d4e        0x2 CMakeFiles/demo_tim.elf.dir/Drivers/STM32L4xx_HAL_Driver/Src/stm32l4xx_hal_tim.c.obj
                0x08001d4e                HAL_TIM_IC_CaptureCallback
 .text.HAL_TIM_PWM_PulseFinishedCallback
                0x08001d50        0x2 CMakeFiles/demo_tim.elf.dir/Drivers/STM32L4xx_HAL_Driver/Src/stm32l4xx_hal_tim.c.obj
                0x08001d50                HAL_TIM_PWM_PulseFinishedCallback
 .text.HAL_TIM_TriggerCallback
                0x08001d52        0x2 CMakeFiles/demo_tim.elf.dir/Drivers/STM32L4xx_HAL_Driver/Src/stm32l4xx_hal_tim.c.obj
                0x08001d52                HAL_TIM_TriggerCallback
 .text.HAL_TIM_IRQHandler
                0x08001d54      0x17a CMakeFiles/demo_tim.elf.dir/Drivers/STM32L4xx_HAL_Driver/Src/stm32l4xx_hal_tim.c.obj
                0x08001d54                HAL_TIM_IRQHandler
 *fill*         0x08001ece        0x2 
 .text.TIM_Base_SetConfig
                0x08001ed0       0xc8 CMakeFiles/demo_tim.elf.dir/Drivers/STM32L4xx_HAL_Driver/Src/stm32l4xx_hal_tim.c.obj
                0x08001ed0                TIM_Base_SetConfig
 .text.HAL_TIM_Base_Init
                0x08001f98       0x60 CMakeFiles/demo_tim.elf.dir/Drivers/STM32L4xx_HAL_Driver/Src/stm32l4xx_hal_tim.c.obj
                0x08001f98                HAL_TIM_Base_Init
 .text.HAL_TIMEx_MasterConfigSynchronization
                0x08001ff8       0x98 CMakeFiles/demo_tim.elf.dir/Drivers/STM32L4xx_HAL_Driver/Src/stm32l4xx_hal_tim_ex.c.obj
                0x08001ff8                HAL_TIMEx_MasterConfigSynchronization
 .text.HAL_TIMEx_CommutCallback
                0x08002090        0x2 CMakeFiles/demo_tim.elf.dir/Drivers/STM32L4xx_HAL_Driver/Src/stm32l4xx_hal_tim_ex.c.obj
                0x08002090                HAL_TIMEx_CommutCallback
 .text.HAL_TIMEx_BreakCallback
                0x08002092        0x2 CMakeFiles/demo_tim.elf.dir/Drivers/STM32L4xx_HAL_Driver/Src/stm32l4xx_hal_tim_ex.c.obj
                0x08002092                HAL_TIMEx_BreakCallback
 .text.HAL_TIMEx_Break2Callback
                0x08002094        0x2 CMakeFiles/demo_tim.elf.dir/Drivers/STM32L4xx_HAL_Driver/Src/stm32l4xx_hal_tim_ex.c.obj
                0x08002094                HAL_TIMEx_Break2Callback
 .text.UART_EndRxTransfer
                0x08002096       0x52 CMakeFiles/demo_tim.elf.dir/Drivers/STM32L4xx_HAL_Driver/Src/stm32l4xx_hal_uart.c.obj
 .text.UART_SetConfig
                0x080020e8      0x328 CMakeFiles/demo_tim.elf.dir/Drivers/STM32L4xx_HAL_Driver/Src/stm32l4xx_hal_uart.c.obj
                0x080020e8                UART_SetConfig
 .text.UART_AdvFeatureConfig
                0x08002410       0xca CMakeFiles/demo_tim.elf.dir/Drivers/STM32L4xx_HAL_Driver/Src/stm32l4xx_hal_uart.c.obj
                0x08002410                UART_AdvFeatureConfig
 .text.UART_WaitOnFlagUntilTimeout
                0x080024da       0x9a CMakeFiles/demo_tim.elf.dir/Drivers/STM32L4xx_HAL_Driver/Src/stm32l4xx_hal_uart.c.obj
                0x080024da                UART_WaitOnFlagUntilTimeout
 .text.UART_CheckIdleState
                0x08002574       0xc6 CMakeFiles/demo_tim.elf.dir/Drivers/STM32L4xx_HAL_Driver/Src/stm32l4xx_hal_uart.c.obj
                0x08002574                UART_CheckIdleState
 .text.HAL_UART_Init
                0x0800263a       0x62 CMakeFiles/demo_tim.elf.dir/Drivers/STM32L4xx_HAL_Driver/Src/stm32l4xx_hal_uart.c.obj
                0x0800263a                HAL_UART_Init
 .text.__libc_init_array
                0x0800269c       0x48 c:/progra~1/gcc-arm-none-eabi-10.3-2021.10/bin/../lib/gcc/arm-none-eabi/10.3.1/../../../../arm-none-eabi/lib/thumb/v7e-m/nofp\libg.a(lib_a-init.o)
                0x0800269c                __libc_init_array
 .text.memset   0x080026e4       0xa4 c:/progra~1/gcc-arm-none-eabi-10.3-2021.10/bin/../lib/gcc/arm-none-eabi/10.3.1/../../../../arm-none-eabi/lib/thumb/v7e-m/nofp\libg.a(lib_a-memset.o)
                0x080026e4                memset
 .text.startup.register_fini
                0x08002788       0x14 c:/progra~1/gcc-arm-none-eabi-10.3-2021.10/bin/../lib/gcc/arm-none-eabi/10.3.1/../../../../arm-none-eabi/lib/thumb/v7e-m/nofp\libg.a(lib_a-__call_atexit.o)
 .text.atexit   0x0800279c        0xc c:/progra~1/gcc-arm-none-eabi-10.3-2021.10/bin/../lib/gcc/arm-none-eabi/10.3.1/../../../../arm-none-eabi/lib/thumb/v7e-m/nofp\libg.a(lib_a-atexit.o)
                0x0800279c                atexit
 .text.__libc_fini_array
                0x080027a8       0x2c c:/progra~1/gcc-arm-none-eabi-10.3-2021.10/bin/../lib/gcc/arm-none-eabi/10.3.1/../../../../arm-none-eabi/lib/thumb/v7e-m/nofp\libg.a(lib_a-fini.o)
                0x080027a8                __libc_fini_array
 .text.__retarget_lock_acquire_recursive
                0x080027d4        0x4 c:/progra~1/gcc-arm-none-eabi-10.3-2021.10/bin/../lib/gcc/arm-none-eabi/10.3.1/../../../../arm-none-eabi/lib/thumb/v7e-m/nofp\libg.a(lib_a-lock.o)
                0x080027d4                __retarget_lock_acquire_recursive
 .text.__retarget_lock_release_recursive
                0x080027d8        0x4 c:/progra~1/gcc-arm-none-eabi-10.3-2021.10/bin/../lib/gcc/arm-none-eabi/10.3.1/../../../../arm-none-eabi/lib/thumb/v7e-m/nofp\libg.a(lib_a-lock.o)
                0x080027d8                __retarget_lock_release_recursive
 .text.__register_exitproc
                0x080027dc       0x8c c:/progra~1/gcc-arm-none-eabi-10.3-2021.10/bin/../lib/gcc/arm-none-eabi/10.3.1/../../../../arm-none-eabi/lib/thumb/v7e-m/nofp\libg.a(lib_a-__atexit.o)
                0x080027dc                __register_exitproc
 *(.glue_7)
 .glue_7        0x08002868        0x0 linker stubs
 *(.glue_7t)
 .glue_7t       0x08002868        0x0 linker stubs
 *(.eh_frame)
 .eh_frame      0x08002868        0x0 c:/progra~1/gcc-arm-none-eabi-10.3-2021.10/bin/../lib/gcc/arm-none-eabi/10.3.1/thumb/v7e-m/nofp/crtbegin.o
 *(.init)
 .init          0x08002868        0x4 c:/progra~1/gcc-arm-none-eabi-10.3-2021.10/bin/../lib/gcc/arm-none-eabi/10.3.1/thumb/v7e-m/nofp/crti.o
                0x08002868                _init
 .init          0x0800286c        0x8 c:/progra~1/gcc-arm-none-eabi-10.3-2021.10/bin/../lib/gcc/arm-none-eabi/10.3.1/thumb/v7e-m/nofp/crtn.o
 *(.fini)
 .fini          0x08002874        0x4 c:/progra~1/gcc-arm-none-eabi-10.3-2021.10/bin/../lib/gcc/arm-none-eabi/10.3.1/thumb/v7e-m/nofp/crti.o
                0x08002874                _fini
 .fini          0x08002878        0x8 c:/progra~1/gcc-arm-none-eabi-10.3-2021.10/bin/../lib/gcc/arm-none-eabi/10.3.1/thumb/v7e-m/nofp/crtn.o
                0x08002880                . = ALIGN (0x4)
                0x08002880                _etext = .

.vfp11_veneer   0x08002880        0x0
 .vfp11_veneer  0x08002880        0x0 linker stubs

.v4_bx          0x08002880        0x0
 .v4_bx         0x08002880        0x0 linker stubs

.iplt           0x08002880        0x0
 .iplt          0x08002880        0x0 c:/progra~1/gcc-arm-none-eabi-10.3-2021.10/bin/../lib/gcc/arm-none-eabi/10.3.1/thumb/v7e-m/nofp/crtbegin.o

.rodata         0x08002880       0x4c
                0x08002880                . = ALIGN (0x4)
 *(.rodata)
 *(.rodata*)
 .rodata.AHBPrescTable
                0x08002880       0x10 CMakeFiles/demo_tim.elf.dir/Core/Src/system_stm32l4xx.c.obj
                0x08002880                AHBPrescTable
 .rodata.APBPrescTable
                0x08002890        0x8 CMakeFiles/demo_tim.elf.dir/Core/Src/system_stm32l4xx.c.obj
                0x08002890                APBPrescTable
 .rodata.MSIRangeTable
                0x08002898       0x30 CMakeFiles/demo_tim.elf.dir/Core/Src/system_stm32l4xx.c.obj
                0x08002898                MSIRangeTable
 .rodata._global_impure_ptr
                0x080028c8        0x4 c:/progra~1/gcc-arm-none-eabi-10.3-2021.10/bin/../lib/gcc/arm-none-eabi/10.3.1/../../../../arm-none-eabi/lib/thumb/v7e-m/nofp\libg.a(lib_a-impure.o)
                0x080028c8                _global_impure_ptr
                0x080028cc                . = ALIGN (0x4)

.ARM.extab      0x080028cc        0x0
                0x080028cc                . = ALIGN (0x4)
 *(.ARM.extab* .gnu.linkonce.armextab.*)
                0x080028cc                . = ALIGN (0x4)

.ARM            0x080028cc        0x8
                0x080028cc                . = ALIGN (0x4)
                0x080028cc                __exidx_start = .
 *(.ARM.exidx*)
 .ARM.exidx     0x080028cc        0x8 c:/progra~1/gcc-arm-none-eabi-10.3-2021.10/bin/../lib/gcc/arm-none-eabi/10.3.1/thumb/v7e-m/nofp\libgcc.a(_udivmoddi4.o)
                0x080028d4                __exidx_end = .
                0x080028d4                . = ALIGN (0x4)

.rel.dyn        0x080028d4        0x0
 .rel.iplt      0x080028d4        0x0 c:/progra~1/gcc-arm-none-eabi-10.3-2021.10/bin/../lib/gcc/arm-none-eabi/10.3.1/thumb/v7e-m/nofp/crtbegin.o

.preinit_array  0x080028d4        0x0
                0x080028d4                . = ALIGN (0x4)
                0x080028d4                PROVIDE (__preinit_array_start = .)
 *(.preinit_array*)
                0x080028d4                PROVIDE (__preinit_array_end = .)
                0x080028d4                . = ALIGN (0x4)

.init_array     0x080028d4        0x8
                0x080028d4                . = ALIGN (0x4)
                0x080028d4                PROVIDE (__init_array_start = .)
 *(SORT_BY_NAME(.init_array.*))
 .init_array.00000
                0x080028d4        0x4 c:/progra~1/gcc-arm-none-eabi-10.3-2021.10/bin/../lib/gcc/arm-none-eabi/10.3.1/../../../../arm-none-eabi/lib/thumb/v7e-m/nofp\libg.a(lib_a-__call_atexit.o)
 *(.init_array*)
 .init_array    0x080028d8        0x4 c:/progra~1/gcc-arm-none-eabi-10.3-2021.10/bin/../lib/gcc/arm-none-eabi/10.3.1/thumb/v7e-m/nofp/crtbegin.o
                0x080028dc                PROVIDE (__init_array_end = .)
                0x080028dc                . = ALIGN (0x4)

.fini_array     0x080028dc        0x4
                0x080028dc                . = ALIGN (0x4)
                0x080028dc                PROVIDE (__fini_array_start = .)
 *(SORT_BY_NAME(.fini_array.*))
 *(.fini_array*)
 .fini_array    0x080028dc        0x4 c:/progra~1/gcc-arm-none-eabi-10.3-2021.10/bin/../lib/gcc/arm-none-eabi/10.3.1/thumb/v7e-m/nofp/crtbegin.o
                0x080028e0                PROVIDE (__fini_array_end = .)
                0x080028e0                . = ALIGN (0x4)
                0x080028e0                _sidata = LOADADDR (.data)

.data           0x20000000      0x43c load address 0x080028e0
                0x20000000                . = ALIGN (0x4)
                0x20000000                _sdata = .
 *(.data)
 *(.data*)
 .data.SystemCoreClock
                0x20000000        0x4 CMakeFiles/demo_tim.elf.dir/Core/Src/system_stm32l4xx.c.obj
                0x20000000                SystemCoreClock
 .data.uwTickFreq
                0x20000004        0x1 CMakeFiles/demo_tim.elf.dir/Drivers/STM32L4xx_HAL_Driver/Src/stm32l4xx_hal.c.obj
                0x20000004                uwTickFreq
 *fill*         0x20000005        0x3 
 .data.uwTickPrio
                0x20000008        0x4 CMakeFiles/demo_tim.elf.dir/Drivers/STM32L4xx_HAL_Driver/Src/stm32l4xx_hal.c.obj
                0x20000008                uwTickPrio
 *fill*         0x2000000c        0x4 
 .data.impure_data
                0x20000010      0x428 c:/progra~1/gcc-arm-none-eabi-10.3-2021.10/bin/../lib/gcc/arm-none-eabi/10.3.1/../../../../arm-none-eabi/lib/thumb/v7e-m/nofp\libg.a(lib_a-impure.o)
 .data.__atexit_recursive_mutex
                0x20000438        0x4 c:/progra~1/gcc-arm-none-eabi-10.3-2021.10/bin/../lib/gcc/arm-none-eabi/10.3.1/../../../../arm-none-eabi/lib/thumb/v7e-m/nofp\libg.a(lib_a-__call_atexit.o)
                0x20000438                __atexit_recursive_mutex
 *(.RamFunc)
 *(.RamFunc*)
                0x2000043c                . = ALIGN (0x4)
                0x2000043c                _edata = .

.igot.plt       0x2000043c        0x0 load address 0x08002d1c
 .igot.plt      0x2000043c        0x0 c:/progra~1/gcc-arm-none-eabi-10.3-2021.10/bin/../lib/gcc/arm-none-eabi/10.3.1/thumb/v7e-m/nofp/crtbegin.o
                0x2000043c                . = ALIGN (0x4)

.bss            0x2000043c       0xf8 load address 0x08002d1c
                0x2000043c                _sbss = .
                0x2000043c                __bss_start__ = _sbss
 *(.bss)
 .bss           0x2000043c       0x1c c:/progra~1/gcc-arm-none-eabi-10.3-2021.10/bin/../lib/gcc/arm-none-eabi/10.3.1/thumb/v7e-m/nofp/crtbegin.o
 *(.bss*)
 .bss.htim6     0x20000458       0x4c CMakeFiles/demo_tim.elf.dir/Core/Src/tim.c.obj
                0x20000458                htim6
 .bss.huart2    0x200004a4       0x88 CMakeFiles/demo_tim.elf.dir/Core/Src/usart.c.obj
                0x200004a4                huart2
 .bss.uwTick    0x2000052c        0x4 CMakeFiles/demo_tim.elf.dir/Drivers/STM32L4xx_HAL_Driver/Src/stm32l4xx_hal.c.obj
                0x2000052c                uwTick
 .bss.__lock___atexit_recursive_mutex
                0x20000530        0x1 c:/progra~1/gcc-arm-none-eabi-10.3-2021.10/bin/../lib/gcc/arm-none-eabi/10.3.1/../../../../arm-none-eabi/lib/thumb/v7e-m/nofp\libg.a(lib_a-lock.o)
                0x20000530                __lock___atexit_recursive_mutex
 *(COMMON)
                0x20000534                . = ALIGN (0x4)
 *fill*         0x20000531        0x3 
                0x20000534                _ebss = .
                0x20000534                __bss_end__ = _ebss

._user_heap_stack
                0x20000534      0x604 load address 0x08002d1c
                0x20000538                . = ALIGN (0x8)
 *fill*         0x20000534        0x4 
                [!provide]                PROVIDE (end = .)
                0x20000538                PROVIDE (_end = .)
                0x20000738                . = (. + _Min_Heap_Size)
 *fill*         0x20000538      0x200 
                0x20000b38                . = (. + _Min_Stack_Size)
 *fill*         0x20000738      0x400 
                0x20000b38                . = ALIGN (0x8)

/DISCARD/
 libc.a(*)
 libm.a(*)
 libgcc.a(*)

.ARM.attributes
                0x00000000       0x2a
 *(.ARM.attributes)
 .ARM.attributes
                0x00000000       0x1e c:/progra~1/gcc-arm-none-eabi-10.3-2021.10/bin/../lib/gcc/arm-none-eabi/10.3.1/thumb/v7e-m/nofp/crti.o
 .ARM.attributes
                0x0000001e       0x2e c:/progra~1/gcc-arm-none-eabi-10.3-2021.10/bin/../lib/gcc/arm-none-eabi/10.3.1/thumb/v7e-m/nofp/crtbegin.o
 .ARM.attributes
                0x0000004c       0x2e CMakeFiles/demo_tim.elf.dir/Core/Src/gpio.c.obj
 .ARM.attributes
                0x0000007a       0x2e CMakeFiles/demo_tim.elf.dir/Core/Src/main.c.obj
 .ARM.attributes
                0x000000a8       0x2e CMakeFiles/demo_tim.elf.dir/Core/Src/stm32l4xx_hal_msp.c.obj
 .ARM.attributes
                0x000000d6       0x2e CMakeFiles/demo_tim.elf.dir/Core/Src/stm32l4xx_it.c.obj
 .ARM.attributes
                0x00000104       0x2e CMakeFiles/demo_tim.elf.dir/Core/Src/system_stm32l4xx.c.obj
 .ARM.attributes
                0x00000132       0x2e CMakeFiles/demo_tim.elf.dir/Core/Src/tim.c.obj
 .ARM.attributes
                0x00000160       0x2e CMakeFiles/demo_tim.elf.dir/Core/Src/usart.c.obj
 .ARM.attributes
                0x0000018e       0x21 CMakeFiles/demo_tim.elf.dir/Core/Startup/startup_stm32l476rgtx.s.obj
 .ARM.attributes
                0x000001af       0x2e CMakeFiles/demo_tim.elf.dir/Drivers/STM32L4xx_HAL_Driver/Src/stm32l4xx_hal.c.obj
 .ARM.attributes
                0x000001dd       0x2e CMakeFiles/demo_tim.elf.dir/Drivers/STM32L4xx_HAL_Driver/Src/stm32l4xx_hal_cortex.c.obj
 .ARM.attributes
                0x0000020b       0x2e CMakeFiles/demo_tim.elf.dir/Drivers/STM32L4xx_HAL_Driver/Src/stm32l4xx_hal_gpio.c.obj
 .ARM.attributes
                0x00000239       0x2e CMakeFiles/demo_tim.elf.dir/Drivers/STM32L4xx_HAL_Driver/Src/stm32l4xx_hal_pwr_ex.c.obj
 .ARM.attributes
                0x00000267       0x2e CMakeFiles/demo_tim.elf.dir/Drivers/STM32L4xx_HAL_Driver/Src/stm32l4xx_hal_rcc.c.obj
 .ARM.attributes
                0x00000295       0x2e CMakeFiles/demo_tim.elf.dir/Drivers/STM32L4xx_HAL_Driver/Src/stm32l4xx_hal_rcc_ex.c.obj
 .ARM.attributes
                0x000002c3       0x2e CMakeFiles/demo_tim.elf.dir/Drivers/STM32L4xx_HAL_Driver/Src/stm32l4xx_hal_tim.c.obj
 .ARM.attributes
                0x000002f1       0x2e CMakeFiles/demo_tim.elf.dir/Drivers/STM32L4xx_HAL_Driver/Src/stm32l4xx_hal_tim_ex.c.obj
 .ARM.attributes
                0x0000031f       0x2e CMakeFiles/demo_tim.elf.dir/Drivers/STM32L4xx_HAL_Driver/Src/stm32l4xx_hal_uart.c.obj
 .ARM.attributes
                0x0000034d       0x1e c:/progra~1/gcc-arm-none-eabi-10.3-2021.10/bin/../lib/gcc/arm-none-eabi/10.3.1/thumb/v7e-m/nofp\libgcc.a(_aeabi_uldivmod.o)
 .ARM.attributes
                0x0000036b       0x2e c:/progra~1/gcc-arm-none-eabi-10.3-2021.10/bin/../lib/gcc/arm-none-eabi/10.3.1/thumb/v7e-m/nofp\libgcc.a(_udivmoddi4.o)
 .ARM.attributes
                0x00000399       0x1e c:/progra~1/gcc-arm-none-eabi-10.3-2021.10/bin/../lib/gcc/arm-none-eabi/10.3.1/thumb/v7e-m/nofp\libgcc.a(_dvmd_tls.o)
 .ARM.attributes
                0x000003b7       0x2e c:/progra~1/gcc-arm-none-eabi-10.3-2021.10/bin/../lib/gcc/arm-none-eabi/10.3.1/../../../../arm-none-eabi/lib/thumb/v7e-m/nofp\libg.a(lib_a-impure.o)
 .ARM.attributes
                0x000003e5       0x2e c:/progra~1/gcc-arm-none-eabi-10.3-2021.10/bin/../lib/gcc/arm-none-eabi/10.3.1/../../../../arm-none-eabi/lib/thumb/v7e-m/nofp\libg.a(lib_a-init.o)
 .ARM.attributes
                0x00000413       0x2e c:/progra~1/gcc-arm-none-eabi-10.3-2021.10/bin/../lib/gcc/arm-none-eabi/10.3.1/../../../../arm-none-eabi/lib/thumb/v7e-m/nofp\libg.a(lib_a-memset.o)
 .ARM.attributes
                0x00000441       0x2e c:/progra~1/gcc-arm-none-eabi-10.3-2021.10/bin/../lib/gcc/arm-none-eabi/10.3.1/../../../../arm-none-eabi/lib/thumb/v7e-m/nofp\libg.a(lib_a-__call_atexit.o)
 .ARM.attributes
                0x0000046f       0x2e c:/progra~1/gcc-arm-none-eabi-10.3-2021.10/bin/../lib/gcc/arm-none-eabi/10.3.1/../../../../arm-none-eabi/lib/thumb/v7e-m/nofp\libg.a(lib_a-atexit.o)
 .ARM.attributes
                0x0000049d       0x2e c:/progra~1/gcc-arm-none-eabi-10.3-2021.10/bin/../lib/gcc/arm-none-eabi/10.3.1/../../../../arm-none-eabi/lib/thumb/v7e-m/nofp\libg.a(lib_a-fini.o)
 .ARM.attributes
                0x000004cb       0x2e c:/progra~1/gcc-arm-none-eabi-10.3-2021.10/bin/../lib/gcc/arm-none-eabi/10.3.1/../../../../arm-none-eabi/lib/thumb/v7e-m/nofp\libg.a(lib_a-lock.o)
 .ARM.attributes
                0x000004f9       0x2e c:/progra~1/gcc-arm-none-eabi-10.3-2021.10/bin/../lib/gcc/arm-none-eabi/10.3.1/../../../../arm-none-eabi/lib/thumb/v7e-m/nofp\libg.a(lib_a-__atexit.o)
 .ARM.attributes
                0x00000527       0x1e c:/progra~1/gcc-arm-none-eabi-10.3-2021.10/bin/../lib/gcc/arm-none-eabi/10.3.1/thumb/v7e-m/nofp/crtn.o
OUTPUT(demo_tim.elf elf32-littlearm)
LOAD linker stubs
LOAD c:/progra~1/gcc-arm-none-eabi-10.3-2021.10/bin/../lib/gcc/arm-none-eabi/10.3.1/../../../../arm-none-eabi/lib/thumb/v7e-m/nofp\libc.a
LOAD c:/progra~1/gcc-arm-none-eabi-10.3-2021.10/bin/../lib/gcc/arm-none-eabi/10.3.1/../../../../arm-none-eabi/lib/thumb/v7e-m/nofp\libm.a
LOAD c:/progra~1/gcc-arm-none-eabi-10.3-2021.10/bin/../lib/gcc/arm-none-eabi/10.3.1/thumb/v7e-m/nofp\libgcc.a

.debug_info     0x00000000    0x13a6b
 .debug_info    0x00000000      0x515 CMakeFiles/demo_tim.elf.dir/Core/Src/gpio.c.obj
 .debug_info    0x00000515      0x9c9 CMakeFiles/demo_tim.elf.dir/Core/Src/main.c.obj
 .debug_info    0x00000ede      0x304 CMakeFiles/demo_tim.elf.dir/Core/Src/stm32l4xx_hal_msp.c.obj
 .debug_info    0x000011e2      0x774 CMakeFiles/demo_tim.elf.dir/Core/Src/stm32l4xx_it.c.obj
 .debug_info    0x00001956      0x425 CMakeFiles/demo_tim.elf.dir/Core/Src/system_stm32l4xx.c.obj
 .debug_info    0x00001d7b      0xdf0 CMakeFiles/demo_tim.elf.dir/Core/Src/tim.c.obj
 .debug_info    0x00002b6b      0xdda CMakeFiles/demo_tim.elf.dir/Core/Src/usart.c.obj
 .debug_info    0x00003945       0x22 CMakeFiles/demo_tim.elf.dir/Core/Startup/startup_stm32l476rgtx.s.obj
 .debug_info    0x00003967      0xce8 CMakeFiles/demo_tim.elf.dir/Drivers/STM32L4xx_HAL_Driver/Src/stm32l4xx_hal.c.obj
 .debug_info    0x0000464f     0x109e CMakeFiles/demo_tim.elf.dir/Drivers/STM32L4xx_HAL_Driver/Src/stm32l4xx_hal_cortex.c.obj
 .debug_info    0x000056ed      0x857 CMakeFiles/demo_tim.elf.dir/Drivers/STM32L4xx_HAL_Driver/Src/stm32l4xx_hal_gpio.c.obj
 .debug_info    0x00005f44      0xaa2 CMakeFiles/demo_tim.elf.dir/Drivers/STM32L4xx_HAL_Driver/Src/stm32l4xx_hal_pwr_ex.c.obj
 .debug_info    0x000069e6      0xf3f CMakeFiles/demo_tim.elf.dir/Drivers/STM32L4xx_HAL_Driver/Src/stm32l4xx_hal_rcc.c.obj
 .debug_info    0x00007925     0x125c CMakeFiles/demo_tim.elf.dir/Drivers/STM32L4xx_HAL_Driver/Src/stm32l4xx_hal_rcc_ex.c.obj
 .debug_info    0x00008b81     0x3f24 CMakeFiles/demo_tim.elf.dir/Drivers/STM32L4xx_HAL_Driver/Src/stm32l4xx_hal_tim.c.obj
 .debug_info    0x0000caa5     0x1d2b CMakeFiles/demo_tim.elf.dir/Drivers/STM32L4xx_HAL_Driver/Src/stm32l4xx_hal_tim_ex.c.obj
 .debug_info    0x0000e7d0     0x529b CMakeFiles/demo_tim.elf.dir/Drivers/STM32L4xx_HAL_Driver/Src/stm32l4xx_hal_uart.c.obj

.debug_abbrev   0x00000000     0x2025
 .debug_abbrev  0x00000000      0x14e CMakeFiles/demo_tim.elf.dir/Core/Src/gpio.c.obj
 .debug_abbrev  0x0000014e      0x203 CMakeFiles/demo_tim.elf.dir/Core/Src/main.c.obj
 .debug_abbrev  0x00000351       0xbf CMakeFiles/demo_tim.elf.dir/Core/Src/stm32l4xx_hal_msp.c.obj
 .debug_abbrev  0x00000410      0x179 CMakeFiles/demo_tim.elf.dir/Core/Src/stm32l4xx_it.c.obj
 .debug_abbrev  0x00000589      0x119 CMakeFiles/demo_tim.elf.dir/Core/Src/system_stm32l4xx.c.obj
 .debug_abbrev  0x000006a2      0x1de CMakeFiles/demo_tim.elf.dir/Core/Src/tim.c.obj
 .debug_abbrev  0x00000880      0x1eb CMakeFiles/demo_tim.elf.dir/Core/Src/usart.c.obj
 .debug_abbrev  0x00000a6b       0x12 CMakeFiles/demo_tim.elf.dir/Core/Startup/startup_stm32l476rgtx.s.obj
 .debug_abbrev  0x00000a7d      0x22a CMakeFiles/demo_tim.elf.dir/Drivers/STM32L4xx_HAL_Driver/Src/stm32l4xx_hal.c.obj
 .debug_abbrev  0x00000ca7      0x36a CMakeFiles/demo_tim.elf.dir/Drivers/STM32L4xx_HAL_Driver/Src/stm32l4xx_hal_cortex.c.obj
 .debug_abbrev  0x00001011      0x1e6 CMakeFiles/demo_tim.elf.dir/Drivers/STM32L4xx_HAL_Driver/Src/stm32l4xx_hal_gpio.c.obj
 .debug_abbrev  0x000011f7      0x215 CMakeFiles/demo_tim.elf.dir/Drivers/STM32L4xx_HAL_Driver/Src/stm32l4xx_hal_pwr_ex.c.obj
 .debug_abbrev  0x0000140c      0x251 CMakeFiles/demo_tim.elf.dir/Drivers/STM32L4xx_HAL_Driver/Src/stm32l4xx_hal_rcc.c.obj
 .debug_abbrev  0x0000165d      0x275 CMakeFiles/demo_tim.elf.dir/Drivers/STM32L4xx_HAL_Driver/Src/stm32l4xx_hal_rcc_ex.c.obj
 .debug_abbrev  0x000018d2      0x232 CMakeFiles/demo_tim.elf.dir/Drivers/STM32L4xx_HAL_Driver/Src/stm32l4xx_hal_tim.c.obj
 .debug_abbrev  0x00001b04      0x248 CMakeFiles/demo_tim.elf.dir/Drivers/STM32L4xx_HAL_Driver/Src/stm32l4xx_hal_tim_ex.c.obj
 .debug_abbrev  0x00001d4c      0x2d9 CMakeFiles/demo_tim.elf.dir/Drivers/STM32L4xx_HAL_Driver/Src/stm32l4xx_hal_uart.c.obj

.debug_aranges  0x00000000      0xdf8
 .debug_aranges
                0x00000000       0x20 CMakeFiles/demo_tim.elf.dir/Core/Src/gpio.c.obj
 .debug_aranges
                0x00000020       0x30 CMakeFiles/demo_tim.elf.dir/Core/Src/main.c.obj
 .debug_aranges
                0x00000050       0x20 CMakeFiles/demo_tim.elf.dir/Core/Src/stm32l4xx_hal_msp.c.obj
 .debug_aranges
                0x00000070       0x68 CMakeFiles/demo_tim.elf.dir/Core/Src/stm32l4xx_it.c.obj
 .debug_aranges
                0x000000d8       0x28 CMakeFiles/demo_tim.elf.dir/Core/Src/system_stm32l4xx.c.obj
 .debug_aranges
                0x00000100       0x38 CMakeFiles/demo_tim.elf.dir/Core/Src/tim.c.obj
 .debug_aranges
                0x00000138       0x30 CMakeFiles/demo_tim.elf.dir/Core/Src/usart.c.obj
 .debug_aranges
                0x00000168       0x28 CMakeFiles/demo_tim.elf.dir/Core/Startup/startup_stm32l476rgtx.s.obj
 .debug_aranges
                0x00000190      0x130 CMakeFiles/demo_tim.elf.dir/Drivers/STM32L4xx_HAL_Driver/Src/stm32l4xx_hal.c.obj
 .debug_aranges
                0x000002c0       0xa8 CMakeFiles/demo_tim.elf.dir/Drivers/STM32L4xx_HAL_Driver/Src/stm32l4xx_hal_cortex.c.obj
 .debug_aranges
                0x00000368       0x58 CMakeFiles/demo_tim.elf.dir/Drivers/STM32L4xx_HAL_Driver/Src/stm32l4xx_hal_gpio.c.obj
 .debug_aranges
                0x000003c0      0x160 CMakeFiles/demo_tim.elf.dir/Drivers/STM32L4xx_HAL_Driver/Src/stm32l4xx_hal_pwr_ex.c.obj
 .debug_aranges
                0x00000520       0x90 CMakeFiles/demo_tim.elf.dir/Drivers/STM32L4xx_HAL_Driver/Src/stm32l4xx_hal_rcc.c.obj
 .debug_aranges
                0x000005b0       0xc0 CMakeFiles/demo_tim.elf.dir/Drivers/STM32L4xx_HAL_Driver/Src/stm32l4xx_hal_rcc_ex.c.obj
 .debug_aranges
                0x00000670      0x3e0 CMakeFiles/demo_tim.elf.dir/Drivers/STM32L4xx_HAL_Driver/Src/stm32l4xx_hal_tim.c.obj
 .debug_aranges
                0x00000a50      0x180 CMakeFiles/demo_tim.elf.dir/Drivers/STM32L4xx_HAL_Driver/Src/stm32l4xx_hal_tim_ex.c.obj
 .debug_aranges
                0x00000bd0      0x228 CMakeFiles/demo_tim.elf.dir/Drivers/STM32L4xx_HAL_Driver/Src/stm32l4xx_hal_uart.c.obj

.debug_ranges   0x00000000      0xd98
 .debug_ranges  0x00000000       0x10 CMakeFiles/demo_tim.elf.dir/Core/Src/gpio.c.obj
 .debug_ranges  0x00000010       0x20 CMakeFiles/demo_tim.elf.dir/Core/Src/main.c.obj
 .debug_ranges  0x00000030       0x10 CMakeFiles/demo_tim.elf.dir/Core/Src/stm32l4xx_hal_msp.c.obj
 .debug_ranges  0x00000040       0x58 CMakeFiles/demo_tim.elf.dir/Core/Src/stm32l4xx_it.c.obj
 .debug_ranges  0x00000098       0x18 CMakeFiles/demo_tim.elf.dir/Core/Src/system_stm32l4xx.c.obj
 .debug_ranges  0x000000b0       0x28 CMakeFiles/demo_tim.elf.dir/Core/Src/tim.c.obj
 .debug_ranges  0x000000d8       0x20 CMakeFiles/demo_tim.elf.dir/Core/Src/usart.c.obj
 .debug_ranges  0x000000f8       0x20 CMakeFiles/demo_tim.elf.dir/Core/Startup/startup_stm32l476rgtx.s.obj
 .debug_ranges  0x00000118      0x120 CMakeFiles/demo_tim.elf.dir/Drivers/STM32L4xx_HAL_Driver/Src/stm32l4xx_hal.c.obj
 .debug_ranges  0x00000238       0xf8 CMakeFiles/demo_tim.elf.dir/Drivers/STM32L4xx_HAL_Driver/Src/stm32l4xx_hal_cortex.c.obj
 .debug_ranges  0x00000330       0x48 CMakeFiles/demo_tim.elf.dir/Drivers/STM32L4xx_HAL_Driver/Src/stm32l4xx_hal_gpio.c.obj
 .debug_ranges  0x00000378      0x150 CMakeFiles/demo_tim.elf.dir/Drivers/STM32L4xx_HAL_Driver/Src/stm32l4xx_hal_pwr_ex.c.obj
 .debug_ranges  0x000004c8       0x98 CMakeFiles/demo_tim.elf.dir/Drivers/STM32L4xx_HAL_Driver/Src/stm32l4xx_hal_rcc.c.obj
 .debug_ranges  0x00000560       0xc8 CMakeFiles/demo_tim.elf.dir/Drivers/STM32L4xx_HAL_Driver/Src/stm32l4xx_hal_rcc_ex.c.obj
 .debug_ranges  0x00000628      0x3d0 CMakeFiles/demo_tim.elf.dir/Drivers/STM32L4xx_HAL_Driver/Src/stm32l4xx_hal_tim.c.obj
 .debug_ranges  0x000009f8      0x170 CMakeFiles/demo_tim.elf.dir/Drivers/STM32L4xx_HAL_Driver/Src/stm32l4xx_hal_tim_ex.c.obj
 .debug_ranges  0x00000b68      0x230 CMakeFiles/demo_tim.elf.dir/Drivers/STM32L4xx_HAL_Driver/Src/stm32l4xx_hal_uart.c.obj

.debug_line     0x00000000    0x1211c
 .debug_line    0x00000000      0x240 CMakeFiles/demo_tim.elf.dir/Core/Src/gpio.c.obj
 .debug_line    0x00000240      0x419 CMakeFiles/demo_tim.elf.dir/Core/Src/main.c.obj
 .debug_line    0x00000659      0x19d CMakeFiles/demo_tim.elf.dir/Core/Src/stm32l4xx_hal_msp.c.obj
 .debug_line    0x000007f6      0x33a CMakeFiles/demo_tim.elf.dir/Core/Src/stm32l4xx_it.c.obj
 .debug_line    0x00000b30      0x2a9 CMakeFiles/demo_tim.elf.dir/Core/Src/system_stm32l4xx.c.obj
 .debug_line    0x00000dd9      0x38c CMakeFiles/demo_tim.elf.dir/Core/Src/tim.c.obj
 .debug_line    0x00001165      0x3ba CMakeFiles/demo_tim.elf.dir/Core/Src/usart.c.obj
 .debug_line    0x0000151f       0xae CMakeFiles/demo_tim.elf.dir/Core/Startup/startup_stm32l476rgtx.s.obj
 .debug_line    0x000015cd      0x727 CMakeFiles/demo_tim.elf.dir/Drivers/STM32L4xx_HAL_Driver/Src/stm32l4xx_hal.c.obj
 .debug_line    0x00001cf4      0x801 CMakeFiles/demo_tim.elf.dir/Drivers/STM32L4xx_HAL_Driver/Src/stm32l4xx_hal_cortex.c.obj
 .debug_line    0x000024f5      0x731 CMakeFiles/demo_tim.elf.dir/Drivers/STM32L4xx_HAL_Driver/Src/stm32l4xx_hal_gpio.c.obj
 .debug_line    0x00002c26      0xb6a CMakeFiles/demo_tim.elf.dir/Drivers/STM32L4xx_HAL_Driver/Src/stm32l4xx_hal_pwr_ex.c.obj
 .debug_line    0x00003790      0xf5b CMakeFiles/demo_tim.elf.dir/Drivers/STM32L4xx_HAL_Driver/Src/stm32l4xx_hal_rcc.c.obj
 .debug_line    0x000046eb     0x158e CMakeFiles/demo_tim.elf.dir/Drivers/STM32L4xx_HAL_Driver/Src/stm32l4xx_hal_rcc_ex.c.obj
 .debug_line    0x00005c79     0x5284 CMakeFiles/demo_tim.elf.dir/Drivers/STM32L4xx_HAL_Driver/Src/stm32l4xx_hal_tim.c.obj
 .debug_line    0x0000aefd     0x1fd3 CMakeFiles/demo_tim.elf.dir/Drivers/STM32L4xx_HAL_Driver/Src/stm32l4xx_hal_tim_ex.c.obj
 .debug_line    0x0000ced0     0x524c CMakeFiles/demo_tim.elf.dir/Drivers/STM32L4xx_HAL_Driver/Src/stm32l4xx_hal_uart.c.obj

.debug_str      0x00000000     0x4bef
 .debug_str     0x00000000      0x3ac CMakeFiles/demo_tim.elf.dir/Core/Src/gpio.c.obj
                                0x3fc (size before relaxing)
 .debug_str     0x000003ac      0x711 CMakeFiles/demo_tim.elf.dir/Core/Src/main.c.obj
                                0x92f (size before relaxing)
 .debug_str     0x00000abd       0x52 CMakeFiles/demo_tim.elf.dir/Core/Src/stm32l4xx_hal_msp.c.obj
                                0x346 (size before relaxing)
 .debug_str     0x00000b0f      0x104 CMakeFiles/demo_tim.elf.dir/Core/Src/stm32l4xx_it.c.obj
                                0x7ac (size before relaxing)
 .debug_str     0x00000c13       0xce CMakeFiles/demo_tim.elf.dir/Core/Src/system_stm32l4xx.c.obj
                                0x3c3 (size before relaxing)
 .debug_str     0x00000ce1      0x653 CMakeFiles/demo_tim.elf.dir/Core/Src/tim.c.obj
                                0xee1 (size before relaxing)
 .debug_str     0x00001334      0x53d CMakeFiles/demo_tim.elf.dir/Core/Src/usart.c.obj
                                0xb39 (size before relaxing)
 .debug_str     0x00001871       0x5c CMakeFiles/demo_tim.elf.dir/Core/Startup/startup_stm32l476rgtx.s.obj
                                 0x97 (size before relaxing)
 .debug_str     0x000018cd      0x533 CMakeFiles/demo_tim.elf.dir/Drivers/STM32L4xx_HAL_Driver/Src/stm32l4xx_hal.c.obj
                                0xd98 (size before relaxing)
 .debug_str     0x00001e00      0x4a1 CMakeFiles/demo_tim.elf.dir/Drivers/STM32L4xx_HAL_Driver/Src/stm32l4xx_hal_cortex.c.obj
                                0xc5e (size before relaxing)
 .debug_str     0x000022a1      0x132 CMakeFiles/demo_tim.elf.dir/Drivers/STM32L4xx_HAL_Driver/Src/stm32l4xx_hal_gpio.c.obj
                                0x57e (size before relaxing)
 .debug_str     0x000023d3      0x59b CMakeFiles/demo_tim.elf.dir/Drivers/STM32L4xx_HAL_Driver/Src/stm32l4xx_hal_pwr_ex.c.obj
                                0x88d (size before relaxing)
 .debug_str     0x0000296e      0x1fc CMakeFiles/demo_tim.elf.dir/Drivers/STM32L4xx_HAL_Driver/Src/stm32l4xx_hal_rcc.c.obj
                                0x8da (size before relaxing)
 .debug_str     0x00002b6a      0x31d CMakeFiles/demo_tim.elf.dir/Drivers/STM32L4xx_HAL_Driver/Src/stm32l4xx_hal_rcc_ex.c.obj
                                0xaf9 (size before relaxing)
 .debug_str     0x00002e87      0xf2a CMakeFiles/demo_tim.elf.dir/Drivers/STM32L4xx_HAL_Driver/Src/stm32l4xx_hal_tim.c.obj
                               0x1721 (size before relaxing)
 .debug_str     0x00003db1      0x63f CMakeFiles/demo_tim.elf.dir/Drivers/STM32L4xx_HAL_Driver/Src/stm32l4xx_hal_tim_ex.c.obj
                               0x101a (size before relaxing)
 .debug_str     0x000043f0      0x7ff CMakeFiles/demo_tim.elf.dir/Drivers/STM32L4xx_HAL_Driver/Src/stm32l4xx_hal_uart.c.obj
                               0x1052 (size before relaxing)

.comment        0x00000000       0x49
 .comment       0x00000000       0x49 CMakeFiles/demo_tim.elf.dir/Core/Src/gpio.c.obj
                                 0x4a (size before relaxing)
 .comment       0x00000049       0x4a CMakeFiles/demo_tim.elf.dir/Core/Src/main.c.obj
 .comment       0x00000049       0x4a CMakeFiles/demo_tim.elf.dir/Core/Src/stm32l4xx_hal_msp.c.obj
 .comment       0x00000049       0x4a CMakeFiles/demo_tim.elf.dir/Core/Src/stm32l4xx_it.c.obj
 .comment       0x00000049       0x4a CMakeFiles/demo_tim.elf.dir/Core/Src/system_stm32l4xx.c.obj
 .comment       0x00000049       0x4a CMakeFiles/demo_tim.elf.dir/Core/Src/tim.c.obj
 .comment       0x00000049       0x4a CMakeFiles/demo_tim.elf.dir/Core/Src/usart.c.obj
 .comment       0x00000049       0x4a CMakeFiles/demo_tim.elf.dir/Drivers/STM32L4xx_HAL_Driver/Src/stm32l4xx_hal.c.obj
 .comment       0x00000049       0x4a CMakeFiles/demo_tim.elf.dir/Drivers/STM32L4xx_HAL_Driver/Src/stm32l4xx_hal_cortex.c.obj
 .comment       0x00000049       0x4a CMakeFiles/demo_tim.elf.dir/Drivers/STM32L4xx_HAL_Driver/Src/stm32l4xx_hal_gpio.c.obj
 .comment       0x00000049       0x4a CMakeFiles/demo_tim.elf.dir/Drivers/STM32L4xx_HAL_Driver/Src/stm32l4xx_hal_pwr_ex.c.obj
 .comment       0x00000049       0x4a CMakeFiles/demo_tim.elf.dir/Drivers/STM32L4xx_HAL_Driver/Src/stm32l4xx_hal_rcc.c.obj
 .comment       0x00000049       0x4a CMakeFiles/demo_tim.elf.dir/Drivers/STM32L4xx_HAL_Driver/Src/stm32l4xx_hal_rcc_ex.c.obj
 .comment       0x00000049       0x4a CMakeFiles/demo_tim.elf.dir/Drivers/STM32L4xx_HAL_Driver/Src/stm32l4xx_hal_tim.c.obj
 .comment       0x00000049       0x4a CMakeFiles/demo_tim.elf.dir/Drivers/STM32L4xx_HAL_Driver/Src/stm32l4xx_hal_tim_ex.c.obj
 .comment       0x00000049       0x4a CMakeFiles/demo_tim.elf.dir/Drivers/STM32L4xx_HAL_Driver/Src/stm32l4xx_hal_uart.c.obj

.debug_frame    0x00000000     0x256c
 .debug_frame   0x00000000       0x30 CMakeFiles/demo_tim.elf.dir/Core/Src/gpio.c.obj
 .debug_frame   0x00000030       0x58 CMakeFiles/demo_tim.elf.dir/Core/Src/main.c.obj
 .debug_frame   0x00000088       0x28 CMakeFiles/demo_tim.elf.dir/Core/Src/stm32l4xx_hal_msp.c.obj
 .debug_frame   0x000000b0       0xc0 CMakeFiles/demo_tim.elf.dir/Core/Src/stm32l4xx_it.c.obj
 .debug_frame   0x00000170       0x30 CMakeFiles/demo_tim.elf.dir/Core/Src/system_stm32l4xx.c.obj
 .debug_frame   0x000001a0       0x7c CMakeFiles/demo_tim.elf.dir/Core/Src/tim.c.obj
 .debug_frame   0x0000021c       0x64 CMakeFiles/demo_tim.elf.dir/Core/Src/usart.c.obj
 .debug_frame   0x00000280      0x274 CMakeFiles/demo_tim.elf.dir/Drivers/STM32L4xx_HAL_Driver/Src/stm32l4xx_hal.c.obj
 .debug_frame   0x000004f4      0x148 CMakeFiles/demo_tim.elf.dir/Drivers/STM32L4xx_HAL_Driver/Src/stm32l4xx_hal_cortex.c.obj
 .debug_frame   0x0000063c       0xd0 CMakeFiles/demo_tim.elf.dir/Drivers/STM32L4xx_HAL_Driver/Src/stm32l4xx_hal_gpio.c.obj
 .debug_frame   0x0000070c      0x2b8 CMakeFiles/demo_tim.elf.dir/Drivers/STM32L4xx_HAL_Driver/Src/stm32l4xx_hal_pwr_ex.c.obj
 .debug_frame   0x000009c4      0x19c CMakeFiles/demo_tim.elf.dir/Drivers/STM32L4xx_HAL_Driver/Src/stm32l4xx_hal_rcc.c.obj
 .debug_frame   0x00000b60      0x204 CMakeFiles/demo_tim.elf.dir/Drivers/STM32L4xx_HAL_Driver/Src/stm32l4xx_hal_rcc_ex.c.obj
 .debug_frame   0x00000d64      0xb4c CMakeFiles/demo_tim.elf.dir/Drivers/STM32L4xx_HAL_Driver/Src/stm32l4xx_hal_tim.c.obj
 .debug_frame   0x000018b0      0x470 CMakeFiles/demo_tim.elf.dir/Drivers/STM32L4xx_HAL_Driver/Src/stm32l4xx_hal_tim_ex.c.obj
 .debug_frame   0x00001d20      0x600 CMakeFiles/demo_tim.elf.dir/Drivers/STM32L4xx_HAL_Driver/Src/stm32l4xx_hal_uart.c.obj
 .debug_frame   0x00002320       0x2c c:/progra~1/gcc-arm-none-eabi-10.3-2021.10/bin/../lib/gcc/arm-none-eabi/10.3.1/thumb/v7e-m/nofp\libgcc.a(_aeabi_uldivmod.o)
 .debug_frame   0x0000234c       0x34 c:/progra~1/gcc-arm-none-eabi-10.3-2021.10/bin/../lib/gcc/arm-none-eabi/10.3.1/thumb/v7e-m/nofp\libgcc.a(_udivmoddi4.o)
 .debug_frame   0x00002380       0x2c c:/progra~1/gcc-arm-none-eabi-10.3-2021.10/bin/../lib/gcc/arm-none-eabi/10.3.1/../../../../arm-none-eabi/lib/thumb/v7e-m/nofp\libg.a(lib_a-init.o)
 .debug_frame   0x000023ac       0x2c c:/progra~1/gcc-arm-none-eabi-10.3-2021.10/bin/../lib/gcc/arm-none-eabi/10.3.1/../../../../arm-none-eabi/lib/thumb/v7e-m/nofp\libg.a(lib_a-memset.o)
 .debug_frame   0x000023d8       0x5c c:/progra~1/gcc-arm-none-eabi-10.3-2021.10/bin/../lib/gcc/arm-none-eabi/10.3.1/../../../../arm-none-eabi/lib/thumb/v7e-m/nofp\libg.a(lib_a-__call_atexit.o)
 .debug_frame   0x00002434       0x20 c:/progra~1/gcc-arm-none-eabi-10.3-2021.10/bin/../lib/gcc/arm-none-eabi/10.3.1/../../../../arm-none-eabi/lib/thumb/v7e-m/nofp\libg.a(lib_a-atexit.o)
 .debug_frame   0x00002454       0x34 c:/progra~1/gcc-arm-none-eabi-10.3-2021.10/bin/../lib/gcc/arm-none-eabi/10.3.1/../../../../arm-none-eabi/lib/thumb/v7e-m/nofp\libg.a(lib_a-fini.o)
 .debug_frame   0x00002488       0xb0 c:/progra~1/gcc-arm-none-eabi-10.3-2021.10/bin/../lib/gcc/arm-none-eabi/10.3.1/../../../../arm-none-eabi/lib/thumb/v7e-m/nofp\libg.a(lib_a-lock.o)
 .debug_frame   0x00002538       0x34 c:/progra~1/gcc-arm-none-eabi-10.3-2021.10/bin/../lib/gcc/arm-none-eabi/10.3.1/../../../../arm-none-eabi/lib/thumb/v7e-m/nofp\libg.a(lib_a-__atexit.o)

.debug_loc      0x00000000    0x10327
 .debug_loc     0x00000000      0x127 CMakeFiles/demo_tim.elf.dir/Core/Src/system_stm32l4xx.c.obj
 .debug_loc     0x00000127       0xa9 CMakeFiles/demo_tim.elf.dir/Core/Src/tim.c.obj
 .debug_loc     0x000001d0       0x64 CMakeFiles/demo_tim.elf.dir/Core/Src/usart.c.obj
 .debug_loc     0x00000234      0x1ef CMakeFiles/demo_tim.elf.dir/Drivers/STM32L4xx_HAL_Driver/Src/stm32l4xx_hal.c.obj
 .debug_loc     0x00000423      0x744 CMakeFiles/demo_tim.elf.dir/Drivers/STM32L4xx_HAL_Driver/Src/stm32l4xx_hal_cortex.c.obj
 .debug_loc     0x00000b67      0x3da CMakeFiles/demo_tim.elf.dir/Drivers/STM32L4xx_HAL_Driver/Src/stm32l4xx_hal_gpio.c.obj
 .debug_loc     0x00000f41      0xb06 CMakeFiles/demo_tim.elf.dir/Drivers/STM32L4xx_HAL_Driver/Src/stm32l4xx_hal_pwr_ex.c.obj
 .debug_loc     0x00001a47      0x81c CMakeFiles/demo_tim.elf.dir/Drivers/STM32L4xx_HAL_Driver/Src/stm32l4xx_hal_rcc.c.obj
 .debug_loc     0x00002263     0x1af9 CMakeFiles/demo_tim.elf.dir/Drivers/STM32L4xx_HAL_Driver/Src/stm32l4xx_hal_rcc_ex.c.obj
 .debug_loc     0x00003d5c     0x55d7 CMakeFiles/demo_tim.elf.dir/Drivers/STM32L4xx_HAL_Driver/Src/stm32l4xx_hal_tim.c.obj
 .debug_loc     0x00009333     0x241c CMakeFiles/demo_tim.elf.dir/Drivers/STM32L4xx_HAL_Driver/Src/stm32l4xx_hal_tim_ex.c.obj
 .debug_loc     0x0000b74f     0x4bd8 CMakeFiles/demo_tim.elf.dir/Drivers/STM32L4xx_HAL_Driver/Src/stm32l4xx_hal_uart.c.obj
